Archive member included to satisfy reference by file (symbol)

libCMSIS_LIBRARY.a(startup_stm32f411xe.s.o)
                              (Reset_Handler)
libCMSIS_LIBRARY.a(system_stm32f4xx.c.o)
                              libCMSIS_LIBRARY.a(startup_stm32f411xe.s.o) (SystemInit)
libSTM_HAL_LIBRARY.a(stm32f4xx_hal.c.o)
                              CMakeFiles/BusCard.elf.dir/Source/Board.cpp.o (HAL_Init)
libSTM_HAL_LIBRARY.a(stm32f4xx_hal_cortex.c.o)
                              libSTM_HAL_LIBRARY.a(stm32f4xx_hal.c.o) (HAL_NVIC_SetPriorityGrouping)
libSTM_HAL_LIBRARY.a(stm32f4xx_hal_gpio.c.o)
                              CMakeFiles/BusCard.elf.dir/Source/usb_dev/usbd_conf.c.o (HAL_GPIO_Init)
libSTM_HAL_LIBRARY.a(stm32f4xx_hal_pcd.c.o)
                              CMakeFiles/BusCard.elf.dir/Source/usb_dev/usbd_conf.c.o (HAL_PCD_Init)
libSTM_HAL_LIBRARY.a(stm32f4xx_hal_pcd_ex.c.o)
                              CMakeFiles/BusCard.elf.dir/Source/usb_dev/usbd_conf.c.o (HAL_PCDEx_SetTxFiFo)
libSTM_HAL_LIBRARY.a(stm32f4xx_hal_rcc.c.o)
                              CMakeFiles/BusCard.elf.dir/Source/Board.cpp.o (HAL_RCC_OscConfig)
libSTM_HAL_LIBRARY.a(stm32f4xx_ll_usb.c.o)
                              libSTM_HAL_LIBRARY.a(stm32f4xx_hal_pcd.c.o) (USB_CoreInit)
libSTM_USB_LIBRARY.a(usbd_msc.c.o)
                              CMakeFiles/BusCard.elf.dir/Source/usb_dev/usb_device.c.o (USBD_MSC_RegisterStorage)
libSTM_USB_LIBRARY.a(usbd_msc_bot.c.o)
                              libSTM_USB_LIBRARY.a(usbd_msc.c.o) (MSC_BOT_Init)
libSTM_USB_LIBRARY.a(usbd_msc_scsi.c.o)
                              libSTM_USB_LIBRARY.a(usbd_msc_bot.c.o) (SCSI_SenseCode)
libSTM_USB_LIBRARY.a(usbd_core.c.o)
                              CMakeFiles/BusCard.elf.dir/Source/usb_dev/usb_device.c.o (USBD_Init)
libSTM_USB_LIBRARY.a(usbd_ctlreq.c.o)
                              libSTM_USB_LIBRARY.a(usbd_core.c.o) (USBD_ParseSetupRequest)
libSTM_USB_LIBRARY.a(usbd_ioreq.c.o)
                              libSTM_USB_LIBRARY.a(usbd_msc.c.o) (USBD_CtlSendData)
libSTM_USB_LIBRARY.a(usbd_msc_data.c.o)
                              libSTM_USB_LIBRARY.a(usbd_msc_scsi.c.o) (MSC_Mode_Sense10_data)
/usr/lib/gcc/arm-none-eabi/12.2.1/../../../arm-none-eabi/lib/thumb/v7e-m+fp/hard/libc.a(lib_a-atexit.o)
                              /usr/lib/gcc/arm-none-eabi/12.2.1/../../../arm-none-eabi/lib/thumb/v7e-m+fp/hard/crt0.o (atexit)
/usr/lib/gcc/arm-none-eabi/12.2.1/../../../arm-none-eabi/lib/thumb/v7e-m+fp/hard/libc.a(lib_a-exit.o)
                              /usr/lib/gcc/arm-none-eabi/12.2.1/../../../arm-none-eabi/lib/thumb/v7e-m+fp/hard/crt0.o (exit)
/usr/lib/gcc/arm-none-eabi/12.2.1/../../../arm-none-eabi/lib/thumb/v7e-m+fp/hard/libc.a(lib_a-fini.o)
                              /usr/lib/gcc/arm-none-eabi/12.2.1/../../../arm-none-eabi/lib/thumb/v7e-m+fp/hard/crt0.o (__libc_fini_array)
/usr/lib/gcc/arm-none-eabi/12.2.1/../../../arm-none-eabi/lib/thumb/v7e-m+fp/hard/libc.a(lib_a-impure.o)
                              /usr/lib/gcc/arm-none-eabi/12.2.1/../../../arm-none-eabi/lib/thumb/v7e-m+fp/hard/libc.a(lib_a-exit.o) (_global_impure_ptr)
/usr/lib/gcc/arm-none-eabi/12.2.1/../../../arm-none-eabi/lib/thumb/v7e-m+fp/hard/libc.a(lib_a-init.o)
                              /usr/lib/gcc/arm-none-eabi/12.2.1/../../../arm-none-eabi/lib/thumb/v7e-m+fp/hard/crt0.o (__libc_init_array)
/usr/lib/gcc/arm-none-eabi/12.2.1/../../../arm-none-eabi/lib/thumb/v7e-m+fp/hard/libc.a(lib_a-memset.o)
                              /usr/lib/gcc/arm-none-eabi/12.2.1/../../../arm-none-eabi/lib/thumb/v7e-m+fp/hard/crt0.o (memset)
/usr/lib/gcc/arm-none-eabi/12.2.1/../../../arm-none-eabi/lib/thumb/v7e-m+fp/hard/libc.a(lib_a-__atexit.o)
                              /usr/lib/gcc/arm-none-eabi/12.2.1/../../../arm-none-eabi/lib/thumb/v7e-m+fp/hard/libc.a(lib_a-atexit.o) (__register_exitproc)
/usr/lib/gcc/arm-none-eabi/12.2.1/../../../arm-none-eabi/lib/thumb/v7e-m+fp/hard/libc.a(lib_a-__call_atexit.o)
                              /usr/lib/gcc/arm-none-eabi/12.2.1/../../../arm-none-eabi/lib/thumb/v7e-m+fp/hard/libc.a(lib_a-exit.o) (__call_exitprocs)
/usr/lib/gcc/arm-none-eabi/12.2.1/thumb/v7e-m+fp/hard/libgcc.a(_aeabi_uldivmod.o)
                              libSTM_HAL_LIBRARY.a(stm32f4xx_hal_rcc.c.o) (__aeabi_uldivmod)
/usr/lib/gcc/arm-none-eabi/12.2.1/thumb/v7e-m+fp/hard/libgcc.a(_udivmoddi4.o)
                              /usr/lib/gcc/arm-none-eabi/12.2.1/thumb/v7e-m+fp/hard/libgcc.a(_aeabi_uldivmod.o) (__udivmoddi4)
/usr/lib/gcc/arm-none-eabi/12.2.1/thumb/v7e-m+fp/hard/libgcc.a(unwind-arm.o)
                              CMakeFiles/BusCard.elf.dir/Source/Board.cpp.o (__aeabi_unwind_cpp_pr0)
/usr/lib/gcc/arm-none-eabi/12.2.1/thumb/v7e-m+fp/hard/libgcc.a(libunwind.o)
                              /usr/lib/gcc/arm-none-eabi/12.2.1/thumb/v7e-m+fp/hard/libgcc.a(unwind-arm.o) (restore_core_regs)
/usr/lib/gcc/arm-none-eabi/12.2.1/thumb/v7e-m+fp/hard/libgcc.a(pr-support.o)
[...]
Memory Configuration

Name             Origin             Length             Attributes
RAM              0x0000000020000000 0x0000000000020000 xrw
FLASH            0x0000000008000000 0x0000000000080000 xr
*default*        0x0000000000000000 0xffffffffffffffff

Linker script and memory map

LOAD /usr/lib/gcc/arm-none-eabi/12.2.1/thumb/v7e-m+fp/hard/crti.o
LOAD /usr/lib/gcc/arm-none-eabi/12.2.1/thumb/v7e-m+fp/hard/crtbegin.o
LOAD /usr/lib/gcc/arm-none-eabi/12.2.1/../../../arm-none-eabi/lib/thumb/v7e-m+fp/hard/crt0.o
LOAD /usr/lib/gcc/arm-none-eabi/12.2.1/../../../arm-none-eabi/lib/thumb/v7e-m+fp/hard/libnosys.a
                0x0000000000000400                _Stack_Size = 0x400
                0x0000000000000200                _Heap_Size = 0x200
LOAD CMakeFiles/BusCard.elf.dir/main.cpp.o
LOAD CMakeFiles/BusCard.elf.dir/Source/Board.cpp.o
LOAD CMakeFiles/BusCard.elf.dir/Source/interrupts.cpp.o
LOAD CMakeFiles/BusCard.elf.dir/Source/usb_dev/usb_device.c.o
LOAD CMakeFiles/BusCard.elf.dir/Source/usb_dev/usbd_conf.c.o
LOAD CMakeFiles/BusCard.elf.dir/Source/usb_dev/usbd_desc.c.o
LOAD CMakeFiles/BusCard.elf.dir/Source/usb_dev/usbd_storage_if.c.o
LOAD libCMSIS_LIBRARY.a
LOAD libSTM_HAL_LIBRARY.a
LOAD libSTM_USB_LIBRARY.a
LOAD libSTM_HAL_LIBRARY.a
LOAD libCMSIS_LIBRARY.a
LOAD /usr/lib/gcc/arm-none-eabi/12.2.1/../../../arm-none-eabi/lib/thumb/v7e-m+fp/hard/libstdc++.a
LOAD /usr/lib/gcc/arm-none-eabi/12.2.1/../../../arm-none-eabi/lib/thumb/v7e-m+fp/hard/libm.a
LOAD /usr/lib/gcc/arm-none-eabi/12.2.1/../../../arm-none-eabi/lib/thumb/v7e-m+fp/hard/libc.a
START GROUP
LOAD /usr/lib/gcc/arm-none-eabi/12.2.1/thumb/v7e-m+fp/hard/libgcc.a
LOAD /usr/lib/gcc/arm-none-eabi/12.2.1/../../../arm-none-eabi/lib/thumb/v7e-m+fp/hard/libg.a
LOAD /usr/lib/gcc/arm-none-eabi/12.2.1/../../../arm-none-eabi/lib/thumb/v7e-m+fp/hard/libc.a
END GROUP
START GROUP
LOAD /usr/lib/gcc/arm-none-eabi/12.2.1/thumb/v7e-m+fp/hard/libgcc.a
LOAD /usr/lib/gcc/arm-none-eabi/12.2.1/../../../arm-none-eabi/lib/thumb/v7e-m+fp/hard/libc.a
LOAD /usr/lib/gcc/arm-none-eabi/12.2.1/../../../arm-none-eabi/lib/thumb/v7e-m+fp/hard/libnosys.a
END GROUP
LOAD /usr/lib/gcc/arm-none-eabi/12.2.1/thumb/v7e-m+fp/hard/crtend.o
LOAD /usr/lib/gcc/arm-none-eabi/12.2.1/thumb/v7e-m+fp/hard/crtn.o
                0x0000000020020000                _estack = (ORIGIN (RAM) + LENGTH (RAM))

.isr_vector     0x0000000008000000      0x198
                0x0000000008000000                . = ALIGN (0x4)
 *(.isr_vector)
 .isr_vector    0x0000000008000000      0x198 libCMSIS_LIBRARY.a(startup_stm32f411xe.s.o)
                0x0000000008000000                g_pfnVectors
                0x0000000008000198                . = ALIGN (0x4)

.text           0x0000000008000198     0x5c94
                0x0000000008000198                . = ALIGN (0x4)
 *(.text)
 .text          0x0000000008000198       0x88 /usr/lib/gcc/arm-none-eabi/12.2.1/thumb/v7e-m+fp/hard/crtbegin.o
 .text          0x0000000008000220        0xc /usr/lib/gcc/arm-none-eabi/12.2.1/../../../arm-none-eabi/lib/thumb/v7e-m+fp/hard/libc.a(lib_a-atexit.o)
                0x0000000008000220                atexit
 .text          0x000000000800022c       0x2c /usr/lib/gcc/arm-none-eabi/12.2.1/../../../arm-none-eabi/lib/thumb/v7e-m+fp/hard/libc.a(lib_a-fini.o)
                0x000000000800022c                __libc_fini_array
 .text          0x0000000008000258       0x48 /usr/lib/gcc/arm-none-eabi/12.2.1/../../../arm-none-eabi/lib/thumb/v7e-m+fp/hard/libc.a(lib_a-init.o)
                0x0000000008000258                __libc_init_array
 .text          0x00000000080002a0       0xa4 /usr/lib/gcc/arm-none-eabi/12.2.1/../../../arm-none-eabi/lib/thumb/v7e-m+fp/hard/libc.a(lib_a-memset.o)
                0x00000000080002a0                memset
 .text          0x0000000008000344       0x68 /usr/lib/gcc/arm-none-eabi/12.2.1/../../../arm-none-eabi/lib/thumb/v7e-m+fp/hard/libc.a(lib_a-__atexit.o)
                0x0000000008000344                __register_exitproc
 .text          0x00000000080003ac       0x30 /usr/lib/gcc/arm-none-eabi/12.2.1/thumb/v7e-m+fp/hard/libgcc.a(_aeabi_uldivmod.o)
                0x00000000080003ac                __aeabi_uldivmod
 .text          0x00000000080003dc      0x2bc /usr/lib/gcc/arm-none-eabi/12.2.1/thumb/v7e-m+fp/hard/libgcc.a(_udivmoddi4.o)
                0x00000000080003dc                __udivmoddi4
 .text          0x0000000008000698      0x9e4 /usr/lib/gcc/arm-none-eabi/12.2.1/thumb/v7e-m+fp/hard/libgcc.a(unwind-arm.o)
                0x0000000008000944                _Unwind_GetCFA
                0x0000000008000948                __gnu_Unwind_RaiseException
                0x00000000080009b0                __gnu_Unwind_ForcedUnwind
                0x00000000080009c0                __gnu_Unwind_Resume
                0x0000000008000a00                __gnu_Unwind_Resume_or_Rethrow
                0x0000000008000a10                _Unwind_Complete
                0x0000000008000a14                _Unwind_DeleteException
                0x0000000008000a20                _Unwind_VRS_Get
                0x0000000008000a6c                _Unwind_VRS_Set
                0x0000000008000ab4                __gnu_Unwind_Backtrace
                0x0000000008000dc8                __aeabi_unwind_cpp_pr0
                0x0000000008000dcc                __aeabi_unwind_cpp_pr1
                0x0000000008000dd0                __aeabi_unwind_cpp_pr2
                0x0000000008000dd4                _Unwind_VRS_Pop
 .text          0x000000000800107c      0x1ac /usr/lib/gcc/arm-none-eabi/12.2.1/thumb/v7e-m+fp/hard/libgcc.a(libunwind.o)
                0x000000000800107c                __restore_core_regs
                0x000000000800107c                restore_core_regs
                0x0000000008001094                __gnu_Unwind_Restore_VFP
                0x000000000800109c                __gnu_Unwind_Save_VFP
                0x00000000080010a4                __gnu_Unwind_Restore_VFP_D
                0x00000000080010ac                __gnu_Unwind_Save_VFP_D
                0x00000000080010b4                __gnu_Unwind_Restore_VFP_D_16_to_31
                0x00000000080010bc                __gnu_Unwind_Save_VFP_D_16_to_31
                0x00000000080010c4                __gnu_Unwind_Restore_WMMXD
                0x0000000008001108                __gnu_Unwind_Save_WMMXD
                0x000000000800114c                __gnu_Unwind_Restore_WMMXC
                0x0000000008001160                __gnu_Unwind_Save_WMMXC
                0x0000000008001174                ___Unwind_RaiseException
                0x0000000008001174                _Unwind_RaiseException
                0x0000000008001198                ___Unwind_Resume
                0x0000000008001198                _Unwind_Resume
                0x00000000080011bc                _Unwind_Resume_or_Rethrow
                0x00000000080011bc                ___Unwind_Resume_or_Rethrow
                0x00000000080011e0                ___Unwind_ForcedUnwind
                0x00000000080011e0                _Unwind_ForcedUnwind
                0x0000000008001204                _Unwind_Backtrace
                0x0000000008001204                ___Unwind_Backtrace
 .text          0x0000000008001228      0x378 /usr/lib/gcc/arm-none-eabi/12.2.1/thumb/v7e-m+fp/hard/libgcc.a(pr-support.o)
                0x0000000008001280                __gnu_unwind_execute
                0x0000000008001554                __gnu_unwind_frame
                0x0000000008001580                _Unwind_GetRegionStart
                0x000000000800158c                _Unwind_GetLanguageSpecificData
 .text          0x00000000080015a0        0x4 /usr/lib/gcc/arm-none-eabi/12.2.1/thumb/v7e-m+fp/hard/libgcc.a(_dvmd_tls.o)
                0x00000000080015a0                __aeabi_ldiv0
                0x00000000080015a0                __aeabi_idiv0
 .text          0x00000000080015a4      0x134 /usr/lib/gcc/arm-none-eabi/12.2.1/../../../arm-none-eabi/lib/thumb/v7e-m+fp/hard/libg.a(lib_a-memcpy.o)
                0x00000000080015a4                memcpy
 *(.text*)
 .text.main     0x00000000080016d8        0x8 CMakeFiles/BusCard.elf.dir/main.cpp.o
                0x00000000080016d8                main
 .text.Error_Handler
                0x00000000080016e0        0x4 CMakeFiles/BusCard.elf.dir/Source/Board.cpp.o
                0x00000000080016e0                Error_Handler
 .text.HAL_MspInit
                0x00000000080016e4       0x38 CMakeFiles/BusCard.elf.dir/Source/Board.cpp.o
                0x00000000080016e4                HAL_MspInit
 .text._Z18SystemClock_Configv
                0x000000000800171c       0xa8 CMakeFiles/BusCard.elf.dir/Source/Board.cpp.o
                0x000000000800171c                SystemClock_Config()
 .text._Z9BoardInitv
                0x00000000080017c4       0x4c CMakeFiles/BusCard.elf.dir/Source/Board.cpp.o
                0x00000000080017c4                BoardInit()
 .text.SysTick_Handler
                0x0000000008001810        0x8 CMakeFiles/BusCard.elf.dir/Source/interrupts.cpp.o
                0x0000000008001810                SysTick_Handler
 .text.OTG_FS_IRQHandler
                0x0000000008001818       0x10 CMakeFiles/BusCard.elf.dir/Source/interrupts.cpp.o
                0x0000000008001818                OTG_FS_IRQHandler
 .text.MX_USB_DEVICE_Init
                0x0000000008001828       0x54 CMakeFiles/BusCard.elf.dir/Source/usb_dev/usb_device.c.o
                0x0000000008001828                MX_USB_DEVICE_Init
 .text.HAL_PCD_MspInit
                0x000000000800187c       0x84 CMakeFiles/BusCard.elf.dir/Source/usb_dev/usbd_conf.c.o
                0x000000000800187c                HAL_PCD_MspInit
 .text.HAL_PCD_SetupStageCallback
                0x0000000008001900       0x10 CMakeFiles/BusCard.elf.dir/Source/usb_dev/usbd_conf.c.o
                0x0000000008001900                HAL_PCD_SetupStageCallback
 .text.HAL_PCD_DataOutStageCallback
                0x0000000008001910       0x18 CMakeFiles/BusCard.elf.dir/Source/usb_dev/usbd_conf.c.o
                0x0000000008001910                HAL_PCD_DataOutStageCallback
 .text.HAL_PCD_DataInStageCallback
                0x0000000008001928       0x16 CMakeFiles/BusCard.elf.dir/Source/usb_dev/usbd_conf.c.o
                0x0000000008001928                HAL_PCD_DataInStageCallback
 .text.HAL_PCD_SOFCallback
                0x000000000800193e        0xc CMakeFiles/BusCard.elf.dir/Source/usb_dev/usbd_conf.c.o
                0x000000000800193e                HAL_PCD_SOFCallback
 .text.HAL_PCD_ResetCallback
                0x000000000800194a       0x24 CMakeFiles/BusCard.elf.dir/Source/usb_dev/usbd_conf.c.o
                0x000000000800194a                HAL_PCD_ResetCallback
 *fill*         0x000000000800196e        0x2 
 .text.HAL_PCD_SuspendCallback
                0x0000000008001970       0x30 CMakeFiles/BusCard.elf.dir/Source/usb_dev/usbd_conf.c.o
                0x0000000008001970                HAL_PCD_SuspendCallback
 .text.HAL_PCD_ResumeCallback
                0x00000000080019a0        0xc CMakeFiles/BusCard.elf.dir/Source/usb_dev/usbd_conf.c.o
                0x00000000080019a0                HAL_PCD_ResumeCallback
 .text.HAL_PCD_ISOOUTIncompleteCallback
                0x00000000080019ac        0xc CMakeFiles/BusCard.elf.dir/Source/usb_dev/usbd_conf.c.o
                0x00000000080019ac                HAL_PCD_ISOOUTIncompleteCallback
 .text.HAL_PCD_ISOINIncompleteCallback
                0x00000000080019b8        0xc CMakeFiles/BusCard.elf.dir/Source/usb_dev/usbd_conf.c.o
                0x00000000080019b8                HAL_PCD_ISOINIncompleteCallback
 .text.HAL_PCD_ConnectCallback
                0x00000000080019c4        0xc CMakeFiles/BusCard.elf.dir/Source/usb_dev/usbd_conf.c.o
                0x00000000080019c4                HAL_PCD_ConnectCallback
 .text.HAL_PCD_DisconnectCallback
                0x00000000080019d0        0xc CMakeFiles/BusCard.elf.dir/Source/usb_dev/usbd_conf.c.o
                0x00000000080019d0                HAL_PCD_DisconnectCallback
 .text.USBD_LL_Init
                0x00000000080019dc       0x68 CMakeFiles/BusCard.elf.dir/Source/usb_dev/usbd_conf.c.o
                0x00000000080019dc                USBD_LL_Init
 .text.USBD_LL_IsStallEP
                0x0000000008001a44       0x2c CMakeFiles/BusCard.elf.dir/Source/usb_dev/usbd_conf.c.o
                0x0000000008001a44                USBD_LL_IsStallEP
 .text.USBD_LL_GetRxDataSize
                0x0000000008001a70        0xc CMakeFiles/BusCard.elf.dir/Source/usb_dev/usbd_conf.c.o
                0x0000000008001a70                USBD_LL_GetRxDataSize
 .text.USBD_static_malloc
                0x0000000008001a7c        0x8 CMakeFiles/BusCard.elf.dir/Source/usb_dev/usbd_conf.c.o
                0x0000000008001a7c                USBD_static_malloc
 .text.USBD_static_free
                0x0000000008001a84        0x2 CMakeFiles/BusCard.elf.dir/Source/usb_dev/usbd_conf.c.o
                0x0000000008001a84                USBD_static_free
 .text.USBD_Get_USB_Status
                0x0000000008001a86       0x14 CMakeFiles/BusCard.elf.dir/Source/usb_dev/usbd_conf.c.o
                0x0000000008001a86                USBD_Get_USB_Status
 .text.USBD_LL_Start
                0x0000000008001a9a       0x10 CMakeFiles/BusCard.elf.dir/Source/usb_dev/usbd_conf.c.o
                0x0000000008001a9a                USBD_LL_Start
 .text.USBD_LL_OpenEP
                0x0000000008001aaa       0x16 CMakeFiles/BusCard.elf.dir/Source/usb_dev/usbd_conf.c.o
                0x0000000008001aaa                USBD_LL_OpenEP
 .text.USBD_LL_CloseEP
                0x0000000008001ac0       0x10 CMakeFiles/BusCard.elf.dir/Source/usb_dev/usbd_conf.c.o
                0x0000000008001ac0                USBD_LL_CloseEP
 .text.USBD_LL_FlushEP
                0x0000000008001ad0       0x10 CMakeFiles/BusCard.elf.dir/Source/usb_dev/usbd_conf.c.o
                0x0000000008001ad0                USBD_LL_FlushEP
 .text.USBD_LL_StallEP
                0x0000000008001ae0       0x10 CMakeFiles/BusCard.elf.dir/Source/usb_dev/usbd_conf.c.o
                0x0000000008001ae0                USBD_LL_StallEP
 .text.USBD_LL_ClearStallEP
                0x0000000008001af0       0x10 CMakeFiles/BusCard.elf.dir/Source/usb_dev/usbd_conf.c.o
                0x0000000008001af0                USBD_LL_ClearStallEP
 .text.USBD_LL_SetUSBAddress
                0x0000000008001b00       0x10 CMakeFiles/BusCard.elf.dir/Source/usb_dev/usbd_conf.c.o
                0x0000000008001b00                USBD_LL_SetUSBAddress
 .text.USBD_LL_Transmit
                0x0000000008001b10       0x10 CMakeFiles/BusCard.elf.dir/Source/usb_dev/usbd_conf.c.o
                0x0000000008001b10                USBD_LL_Transmit
 .text.USBD_LL_PrepareReceive
                0x0000000008001b20       0x10 CMakeFiles/BusCard.elf.dir/Source/usb_dev/usbd_conf.c.o
                0x0000000008001b20                USBD_LL_PrepareReceive
 .text.USBD_FS_DeviceDescriptor
                0x0000000008001b30        0xc CMakeFiles/BusCard.elf.dir/Source/usb_dev/usbd_desc.c.o
                0x0000000008001b30                USBD_FS_DeviceDescriptor
 .text.USBD_FS_LangIDStrDescriptor
                0x0000000008001b3c        0xc CMakeFiles/BusCard.elf.dir/Source/usb_dev/usbd_desc.c.o
                0x0000000008001b3c                USBD_FS_LangIDStrDescriptor
 .text.IntToUnicode
                0x0000000008001b48       0x46 CMakeFiles/BusCard.elf.dir/Source/usb_dev/usbd_desc.c.o
 *fill*         0x0000000008001b8e        0x2 
 .text.Get_SerialNum
                0x0000000008001b90       0x38 CMakeFiles/BusCard.elf.dir/Source/usb_dev/usbd_desc.c.o
 .text.USBD_FS_SerialStrDescriptor
                0x0000000008001bc8       0x14 CMakeFiles/BusCard.elf.dir/Source/usb_dev/usbd_desc.c.o
                0x0000000008001bc8                USBD_FS_SerialStrDescriptor
 .text.USBD_FS_ProductStrDescriptor
                0x0000000008001bdc       0x24 CMakeFiles/BusCard.elf.dir/Source/usb_dev/usbd_desc.c.o
                0x0000000008001bdc                USBD_FS_ProductStrDescriptor
 .text.USBD_FS_ManufacturerStrDescriptor
                0x0000000008001c00       0x1c CMakeFiles/BusCard.elf.dir/Source/usb_dev/usbd_desc.c.o
                0x0000000008001c00                USBD_FS_ManufacturerStrDescriptor
 .text.USBD_FS_ConfigStrDescriptor
                0x0000000008001c1c       0x24 CMakeFiles/BusCard.elf.dir/Source/usb_dev/usbd_desc.c.o
                0x0000000008001c1c                USBD_FS_ConfigStrDescriptor
 .text.USBD_FS_InterfaceStrDescriptor
                0x0000000008001c40       0x24 CMakeFiles/BusCard.elf.dir/Source/usb_dev/usbd_desc.c.o
                0x0000000008001c40                USBD_FS_InterfaceStrDescriptor
 .text.STORAGE_Init_FS
                0x0000000008001c64        0x4 CMakeFiles/BusCard.elf.dir/Source/usb_dev/usbd_storage_if.c.o
 .text.STORAGE_GetCapacity_FS
                0x0000000008001c68        0xe CMakeFiles/BusCard.elf.dir/Source/usb_dev/usbd_storage_if.c.o
 .text.STORAGE_IsReady_FS
                0x0000000008001c76        0x4 CMakeFiles/BusCard.elf.dir/Source/usb_dev/usbd_storage_if.c.o
 .text.STORAGE_IsWriteProtected_FS
                0x0000000008001c7a        0x4 CMakeFiles/BusCard.elf.dir/Source/usb_dev/usbd_storage_if.c.o
 *fill*         0x0000000008001c7e        0x2 
 .text.STORAGE_Read_FS
                0x0000000008001c80       0x30 CMakeFiles/BusCard.elf.dir/Source/usb_dev/usbd_storage_if.c.o
 .text.STORAGE_Write_FS
                0x0000000008001cb0       0x2c CMakeFiles/BusCard.elf.dir/Source/usb_dev/usbd_storage_if.c.o
 .text.STORAGE_GetMaxLun_FS
                0x0000000008001cdc        0x4 CMakeFiles/BusCard.elf.dir/Source/usb_dev/usbd_storage_if.c.o
 .text.Reset_Handler
                0x0000000008001ce0       0x50 libCMSIS_LIBRARY.a(startup_stm32f411xe.s.o)
                0x0000000008001ce0                Reset_Handler
 .text.Default_Handler
                0x0000000008001d30        0x2 libCMSIS_LIBRARY.a(startup_stm32f411xe.s.o)
                0x0000000008001d30                RTC_Alarm_IRQHandler
                0x0000000008001d30                EXTI2_IRQHandler
                0x0000000008001d30                DebugMon_Handler
                0x0000000008001d30                SPI4_IRQHandler
                0x0000000008001d30                TIM1_CC_IRQHandler
                0x0000000008001d30                DMA2_Stream5_IRQHandler
                0x0000000008001d30                HardFault_Handler
                0x0000000008001d30                DMA1_Stream5_IRQHandler
                0x0000000008001d30                PVD_IRQHandler
                0x0000000008001d30                SDIO_IRQHandler
                0x0000000008001d30                TAMP_STAMP_IRQHandler
                0x0000000008001d30                PendSV_Handler
                0x0000000008001d30                NMI_Handler
                0x0000000008001d30                EXTI3_IRQHandler
                0x0000000008001d30                TIM1_UP_TIM10_IRQHandler
                0x0000000008001d30                I2C3_ER_IRQHandler
                0x0000000008001d30                EXTI0_IRQHandler
                0x0000000008001d30                I2C2_EV_IRQHandler
                0x0000000008001d30                DMA1_Stream2_IRQHandler
                0x0000000008001d30                FPU_IRQHandler
                0x0000000008001d30                UsageFault_Handler
                0x0000000008001d30                DMA2_Stream2_IRQHandler
                0x0000000008001d30                SPI1_IRQHandler
                0x0000000008001d30                TIM1_BRK_TIM9_IRQHandler
                0x0000000008001d30                DMA2_Stream3_IRQHandler
                0x0000000008001d30                USART6_IRQHandler
                0x0000000008001d30                DMA2_Stream0_IRQHandler
                0x0000000008001d30                TIM4_IRQHandler
                0x0000000008001d30                I2C1_EV_IRQHandler
                0x0000000008001d30                DMA1_Stream6_IRQHandler
                0x0000000008001d30                DMA1_Stream1_IRQHandler
                0x0000000008001d30                TIM3_IRQHandler
                0x0000000008001d30                RCC_IRQHandler
                0x0000000008001d30                Default_Handler
                0x0000000008001d30                EXTI15_10_IRQHandler
                0x0000000008001d30                ADC_IRQHandler
                0x0000000008001d30                DMA1_Stream7_IRQHandler
                0x0000000008001d30                SPI5_IRQHandler
                0x0000000008001d30                TIM5_IRQHandler
                0x0000000008001d30                DMA2_Stream7_IRQHandler
                0x0000000008001d30                I2C3_EV_IRQHandler
                0x0000000008001d30                EXTI9_5_IRQHandler
                0x0000000008001d30                RTC_WKUP_IRQHandler
                0x0000000008001d30                SPI2_IRQHandler
                0x0000000008001d30                MemManage_Handler
                0x0000000008001d30                DMA1_Stream0_IRQHandler
                0x0000000008001d30                SVC_Handler
                0x0000000008001d30                EXTI4_IRQHandler
                0x0000000008001d30                WWDG_IRQHandler
                0x0000000008001d30                TIM2_IRQHandler
                0x0000000008001d30                OTG_FS_WKUP_IRQHandler
                0x0000000008001d30                TIM1_TRG_COM_TIM11_IRQHandler
                0x0000000008001d30                EXTI1_IRQHandler
                0x0000000008001d30                USART2_IRQHandler
                0x0000000008001d30                I2C2_ER_IRQHandler
                0x0000000008001d30                DMA2_Stream1_IRQHandler
                0x0000000008001d30                FLASH_IRQHandler
                0x0000000008001d30                DMA2_Stream4_IRQHandler
                0x0000000008001d30                BusFault_Handler
                0x0000000008001d30                USART1_IRQHandler
                0x0000000008001d30                SPI3_IRQHandler
                0x0000000008001d30                DMA1_Stream4_IRQHandler
                0x0000000008001d30                I2C1_ER_IRQHandler
                0x0000000008001d30                DMA2_Stream6_IRQHandler
                0x0000000008001d30                DMA1_Stream3_IRQHandler
 *fill*         0x0000000008001d32        0x2 
 .text.SystemInit
                0x0000000008001d34       0x14 libCMSIS_LIBRARY.a(system_stm32f4xx.c.o)
                0x0000000008001d34                SystemInit
 .text.SystemCoreClockUpdate
                0x0000000008001d48       0xa0 libCMSIS_LIBRARY.a(system_stm32f4xx.c.o)
                0x0000000008001d48                SystemCoreClockUpdate
 .text.HAL_InitTick
                0x0000000008001de8       0x4c libSTM_HAL_LIBRARY.a(stm32f4xx_hal.c.o)
                0x0000000008001de8                HAL_InitTick
 .text.HAL_Init
                0x0000000008001e34       0x34 libSTM_HAL_LIBRARY.a(stm32f4xx_hal.c.o)
                0x0000000008001e34                HAL_Init
 .text.HAL_IncTick
                0x0000000008001e68       0x18 libSTM_HAL_LIBRARY.a(stm32f4xx_hal.c.o)
                0x0000000008001e68                HAL_IncTick
 .text.HAL_GetTick
                0x0000000008001e80        0xc libSTM_HAL_LIBRARY.a(stm32f4xx_hal.c.o)
                0x0000000008001e80                HAL_GetTick
 .text.HAL_Delay
                0x0000000008001e8c       0x28 libSTM_HAL_LIBRARY.a(stm32f4xx_hal.c.o)
                0x0000000008001e8c                HAL_Delay
 .text.__NVIC_EnableIRQ
                0x0000000008001eb4       0x1c libSTM_HAL_LIBRARY.a(stm32f4xx_hal_cortex.c.o)
 .text.__NVIC_SetPriority
                0x0000000008001ed0       0x28 libSTM_HAL_LIBRARY.a(stm32f4xx_hal_cortex.c.o)
 .text.NVIC_EncodePriority
                0x0000000008001ef8       0x3e libSTM_HAL_LIBRARY.a(stm32f4xx_hal_cortex.c.o)
 *fill*         0x0000000008001f36        0x2 
 .text.HAL_NVIC_SetPriorityGrouping
                0x0000000008001f38       0x24 libSTM_HAL_LIBRARY.a(stm32f4xx_hal_cortex.c.o)
                0x0000000008001f38                HAL_NVIC_SetPriorityGrouping
 .text.HAL_NVIC_SetPriority
                0x0000000008001f5c       0x20 libSTM_HAL_LIBRARY.a(stm32f4xx_hal_cortex.c.o)
                0x0000000008001f5c                HAL_NVIC_SetPriority
 .text.HAL_NVIC_EnableIRQ
                0x0000000008001f7c        0x8 libSTM_HAL_LIBRARY.a(stm32f4xx_hal_cortex.c.o)
                0x0000000008001f7c                HAL_NVIC_EnableIRQ
 .text.HAL_SYSTICK_Config
                0x0000000008001f84       0x28 libSTM_HAL_LIBRARY.a(stm32f4xx_hal_cortex.c.o)
                0x0000000008001f84                HAL_SYSTICK_Config
 .text.HAL_GPIO_Init
                0x0000000008001fac      0x1c8 libSTM_HAL_LIBRARY.a(stm32f4xx_hal_gpio.c.o)
                0x0000000008001fac                HAL_GPIO_Init
 .text.PCD_WriteEmptyTxFifo
                0x0000000008002174       0xd0 libSTM_HAL_LIBRARY.a(stm32f4xx_hal_pcd.c.o)
 .text.HAL_PCD_Init
                0x0000000008002244      0x102 libSTM_HAL_LIBRARY.a(stm32f4xx_hal_pcd.c.o)
                0x0000000008002244                HAL_PCD_Init
 .text.HAL_PCD_Start
                0x0000000008002346       0x44 libSTM_HAL_LIBRARY.a(stm32f4xx_hal_pcd.c.o)
                0x0000000008002346                HAL_PCD_Start
 *fill*         0x000000000800238a        0x2 
 .text.PCD_EP_OutXfrComplete_int
                0x000000000800238c      0x104 libSTM_HAL_LIBRARY.a(stm32f4xx_hal_pcd.c.o)
 .text.PCD_EP_OutSetupPacket_int
                0x0000000008002490       0x50 libSTM_HAL_LIBRARY.a(stm32f4xx_hal_pcd.c.o)
 .text.HAL_PCD_SetAddress
                0x00000000080024e0       0x26 libSTM_HAL_LIBRARY.a(stm32f4xx_hal_pcd.c.o)
                0x00000000080024e0                HAL_PCD_SetAddress
 .text.HAL_PCD_EP_Open
                0x0000000008002506       0x88 libSTM_HAL_LIBRARY.a(stm32f4xx_hal_pcd.c.o)
                0x0000000008002506                HAL_PCD_EP_Open
 .text.HAL_PCD_EP_Close
                0x000000000800258e       0x70 libSTM_HAL_LIBRARY.a(stm32f4xx_hal_pcd.c.o)
                0x000000000800258e                HAL_PCD_EP_Close
 .text.HAL_PCD_EP_Receive
                0x00000000080025fe       0x4a libSTM_HAL_LIBRARY.a(stm32f4xx_hal_pcd.c.o)
                0x00000000080025fe                HAL_PCD_EP_Receive
 .text.HAL_PCD_EP_GetRxCount
                0x0000000008002648       0x12 libSTM_HAL_LIBRARY.a(stm32f4xx_hal_pcd.c.o)
                0x0000000008002648                HAL_PCD_EP_GetRxCount
 .text.HAL_PCD_EP_Transmit
                0x000000000800265a       0x4a libSTM_HAL_LIBRARY.a(stm32f4xx_hal_pcd.c.o)
                0x000000000800265a                HAL_PCD_EP_Transmit
 .text.HAL_PCD_EP_SetStall
                0x00000000080026a4       0x86 libSTM_HAL_LIBRARY.a(stm32f4xx_hal_pcd.c.o)
                0x00000000080026a4                HAL_PCD_EP_SetStall
 .text.HAL_PCD_EP_ClrStall
                0x000000000800272a       0x74 libSTM_HAL_LIBRARY.a(stm32f4xx_hal_pcd.c.o)
                0x000000000800272a                HAL_PCD_EP_ClrStall
 .text.HAL_PCD_EP_Abort
                0x000000000800279e       0x34 libSTM_HAL_LIBRARY.a(stm32f4xx_hal_pcd.c.o)
                0x000000000800279e                HAL_PCD_EP_Abort
 .text.HAL_PCD_IRQHandler
                0x00000000080027d2      0x5bc libSTM_HAL_LIBRARY.a(stm32f4xx_hal_pcd.c.o)
                0x00000000080027d2                HAL_PCD_IRQHandler
 .text.HAL_PCD_EP_Flush
                0x0000000008002d8e       0x36 libSTM_HAL_LIBRARY.a(stm32f4xx_hal_pcd.c.o)
                0x0000000008002d8e                HAL_PCD_EP_Flush
 .text.HAL_PCDEx_SetTxFiFo
                0x0000000008002dc4       0x4c libSTM_HAL_LIBRARY.a(stm32f4xx_hal_pcd_ex.c.o)
                0x0000000008002dc4                HAL_PCDEx_SetTxFiFo
 .text.HAL_PCDEx_SetRxFiFo
                0x0000000008002e10        0x8 libSTM_HAL_LIBRARY.a(stm32f4xx_hal_pcd_ex.c.o)
                0x0000000008002e10                HAL_PCDEx_SetRxFiFo
 .text.HAL_PCDEx_LPM_Callback
                0x0000000008002e18        0x2 libSTM_HAL_LIBRARY.a(stm32f4xx_hal_pcd_ex.c.o)
                0x0000000008002e18                HAL_PCDEx_LPM_Callback
 *fill*         0x0000000008002e1a        0x2 
 .text.HAL_RCC_OscConfig
                0x0000000008002e1c      0x3f8 libSTM_HAL_LIBRARY.a(stm32f4xx_hal_rcc.c.o)
                0x0000000008002e1c                HAL_RCC_OscConfig
 .text.HAL_RCC_GetSysClockFreq
                0x0000000008003214       0xa8 libSTM_HAL_LIBRARY.a(stm32f4xx_hal_rcc.c.o)
                0x0000000008003214                HAL_RCC_GetSysClockFreq
 .text.HAL_RCC_ClockConfig
                0x00000000080032bc      0x160 libSTM_HAL_LIBRARY.a(stm32f4xx_hal_rcc.c.o)
                0x00000000080032bc                HAL_RCC_ClockConfig
 .text.HAL_RCC_GetHCLKFreq
                0x000000000800341c        0xc libSTM_HAL_LIBRARY.a(stm32f4xx_hal_rcc.c.o)
                0x000000000800341c                HAL_RCC_GetHCLKFreq
 .text.USB_CoreReset
                0x0000000008003428       0x4a libSTM_HAL_LIBRARY.a(stm32f4xx_ll_usb.c.o)
 .text.USB_CoreInit
                0x0000000008003472       0x92 libSTM_HAL_LIBRARY.a(stm32f4xx_ll_usb.c.o)
                0x0000000008003472                USB_CoreInit
 .text.USB_SetTurnaroundTime
                0x0000000008003504       0xe4 libSTM_HAL_LIBRARY.a(stm32f4xx_ll_usb.c.o)
                0x0000000008003504                USB_SetTurnaroundTime
 .text.USB_EnableGlobalInt
                0x00000000080035e8        0xc libSTM_HAL_LIBRARY.a(stm32f4xx_ll_usb.c.o)
                0x00000000080035e8                USB_EnableGlobalInt
 .text.USB_DisableGlobalInt
                0x00000000080035f4        0xc libSTM_HAL_LIBRARY.a(stm32f4xx_ll_usb.c.o)
                0x00000000080035f4                USB_DisableGlobalInt
 .text.USB_FlushTxFifo
                0x0000000008003600       0x4a libSTM_HAL_LIBRARY.a(stm32f4xx_ll_usb.c.o)
                0x0000000008003600                USB_FlushTxFifo
 .text.USB_FlushRxFifo
                0x000000000800364a       0x46 libSTM_HAL_LIBRARY.a(stm32f4xx_ll_usb.c.o)
                0x000000000800364a                USB_FlushRxFifo
 .text.USB_SetDevSpeed
                0x0000000008003690        0xe libSTM_HAL_LIBRARY.a(stm32f4xx_ll_usb.c.o)
                0x0000000008003690                USB_SetDevSpeed
 *fill*         0x000000000800369e        0x2 
 .text.USB_DevInit
                0x00000000080036a0      0x194 libSTM_HAL_LIBRARY.a(stm32f4xx_ll_usb.c.o)
                0x00000000080036a0                USB_DevInit
 .text.USB_GetDevSpeed
                0x0000000008003834       0x22 libSTM_HAL_LIBRARY.a(stm32f4xx_ll_usb.c.o)
                0x0000000008003834                USB_GetDevSpeed
 .text.USB_ActivateEndpoint
                0x0000000008003856       0x9a libSTM_HAL_LIBRARY.a(stm32f4xx_ll_usb.c.o)
                0x0000000008003856                USB_ActivateEndpoint
 .text.USB_DeactivateEndpoint
                0x00000000080038f0       0xe0 libSTM_HAL_LIBRARY.a(stm32f4xx_ll_usb.c.o)
                0x00000000080038f0                USB_DeactivateEndpoint
 .text.USB_EPStopXfer
                0x00000000080039d0       0xbe libSTM_HAL_LIBRARY.a(stm32f4xx_ll_usb.c.o)
                0x00000000080039d0                USB_EPStopXfer
 .text.USB_WritePacket
                0x0000000008003a8e       0x2e libSTM_HAL_LIBRARY.a(stm32f4xx_ll_usb.c.o)
                0x0000000008003a8e                USB_WritePacket
 .text.USB_EPStartXfer
                0x0000000008003abc      0x244 libSTM_HAL_LIBRARY.a(stm32f4xx_ll_usb.c.o)
                0x0000000008003abc                USB_EPStartXfer
 .text.USB_ReadPacket
                0x0000000008003d00       0x46 libSTM_HAL_LIBRARY.a(stm32f4xx_ll_usb.c.o)
                0x0000000008003d00                USB_ReadPacket
 .text.USB_EPSetStall
                0x0000000008003d46       0x5a libSTM_HAL_LIBRARY.a(stm32f4xx_ll_usb.c.o)
                0x0000000008003d46                USB_EPSetStall
 .text.USB_EPClearStall
                0x0000000008003da0       0x5c libSTM_HAL_LIBRARY.a(stm32f4xx_ll_usb.c.o)
                0x0000000008003da0                USB_EPClearStall
 .text.USB_SetDevAddress
                0x0000000008003dfc       0x20 libSTM_HAL_LIBRARY.a(stm32f4xx_ll_usb.c.o)
                0x0000000008003dfc                USB_SetDevAddress
 .text.USB_DevConnect
                0x0000000008003e1c       0x1c libSTM_HAL_LIBRARY.a(stm32f4xx_ll_usb.c.o)
                0x0000000008003e1c                USB_DevConnect
 .text.USB_DevDisconnect
                0x0000000008003e38       0x1c libSTM_HAL_LIBRARY.a(stm32f4xx_ll_usb.c.o)
                0x0000000008003e38                USB_DevDisconnect
 .text.USB_ReadInterrupts
                0x0000000008003e54        0x8 libSTM_HAL_LIBRARY.a(stm32f4xx_ll_usb.c.o)
                0x0000000008003e54                USB_ReadInterrupts
 .text.USB_ReadDevAllOutEpInterrupt
                0x0000000008003e5c       0x10 libSTM_HAL_LIBRARY.a(stm32f4xx_ll_usb.c.o)
                0x0000000008003e5c                USB_ReadDevAllOutEpInterrupt
 .text.USB_ReadDevAllInEpInterrupt
                0x0000000008003e6c       0x10 libSTM_HAL_LIBRARY.a(stm32f4xx_ll_usb.c.o)
                0x0000000008003e6c                USB_ReadDevAllInEpInterrupt
 .text.USB_ReadDevOutEPInterrupt
                0x0000000008003e7c       0x12 libSTM_HAL_LIBRARY.a(stm32f4xx_ll_usb.c.o)
                0x0000000008003e7c                USB_ReadDevOutEPInterrupt
 .text.USB_ReadDevInEPInterrupt
                0x0000000008003e8e       0x24 libSTM_HAL_LIBRARY.a(stm32f4xx_ll_usb.c.o)
                0x0000000008003e8e                USB_ReadDevInEPInterrupt
 .text.USB_GetMode
                0x0000000008003eb2        0x8 libSTM_HAL_LIBRARY.a(stm32f4xx_ll_usb.c.o)
                0x0000000008003eb2                USB_GetMode
 .text.USB_SetCurrentMode
                0x0000000008003eba       0x62 libSTM_HAL_LIBRARY.a(stm32f4xx_ll_usb.c.o)
                0x0000000008003eba                USB_SetCurrentMode
 .text.USB_ActivateSetup
                0x0000000008003f1c       0x20 libSTM_HAL_LIBRARY.a(stm32f4xx_ll_usb.c.o)
                0x0000000008003f1c                USB_ActivateSetup
 .text.USB_EP0_OutStart
                0x0000000008003f3c       0x60 libSTM_HAL_LIBRARY.a(stm32f4xx_ll_usb.c.o)
                0x0000000008003f3c                USB_EP0_OutStart
 .text.USBD_MSC_GetDeviceQualifierDescriptor
                0x0000000008003f9c        0xc libSTM_USB_LIBRARY.a(usbd_msc.c.o)
                0x0000000008003f9c                USBD_MSC_GetDeviceQualifierDescriptor
 .text.USBD_MSC_Init
                0x0000000008003fa8       0xc8 libSTM_USB_LIBRARY.a(usbd_msc.c.o)
                0x0000000008003fa8                USBD_MSC_Init
 .text.USBD_MSC_DeInit
                0x0000000008004070       0x74 libSTM_USB_LIBRARY.a(usbd_msc.c.o)
                0x0000000008004070                USBD_MSC_DeInit
 .text.USBD_MSC_Setup
                0x00000000080040e4      0x144 libSTM_USB_LIBRARY.a(usbd_msc.c.o)
                0x00000000080040e4                USBD_MSC_Setup
 .text.USBD_MSC_DataIn
                0x0000000008004228        0xa libSTM_USB_LIBRARY.a(usbd_msc.c.o)
                0x0000000008004228                USBD_MSC_DataIn
 .text.USBD_MSC_DataOut
                0x0000000008004232        0xa libSTM_USB_LIBRARY.a(usbd_msc.c.o)
                0x0000000008004232                USBD_MSC_DataOut
 .text.USBD_MSC_GetHSCfgDesc
                0x000000000800423c       0x38 libSTM_USB_LIBRARY.a(usbd_msc.c.o)
                0x000000000800423c                USBD_MSC_GetHSCfgDesc
 .text.USBD_MSC_GetFSCfgDesc
                0x0000000008004274       0x38 libSTM_USB_LIBRARY.a(usbd_msc.c.o)
                0x0000000008004274                USBD_MSC_GetFSCfgDesc
 .text.USBD_MSC_GetOtherSpeedCfgDesc
                0x00000000080042ac       0x38 libSTM_USB_LIBRARY.a(usbd_msc.c.o)
                0x00000000080042ac                USBD_MSC_GetOtherSpeedCfgDesc
 .text.USBD_MSC_RegisterStorage
                0x00000000080042e4       0x16 libSTM_USB_LIBRARY.a(usbd_msc.c.o)
                0x00000000080042e4                USBD_MSC_RegisterStorage
 *fill*         0x00000000080042fa        0x2 
 .text.MSC_BOT_SendData
                0x00000000080042fc       0x40 libSTM_USB_LIBRARY.a(usbd_msc_bot.c.o)
 .text.MSC_BOT_Abort
                0x000000000800433c       0x5c libSTM_USB_LIBRARY.a(usbd_msc_bot.c.o)
 .text.MSC_BOT_Init
                0x0000000008004398       0x60 libSTM_USB_LIBRARY.a(usbd_msc_bot.c.o)
                0x0000000008004398                MSC_BOT_Init
 .text.MSC_BOT_Reset
                0x00000000080043f8       0x44 libSTM_USB_LIBRARY.a(usbd_msc_bot.c.o)
                0x00000000080043f8                MSC_BOT_Reset
 .text.MSC_BOT_DeInit
                0x000000000800443c       0x12 libSTM_USB_LIBRARY.a(usbd_msc_bot.c.o)
                0x000000000800443c                MSC_BOT_DeInit
 *fill*         0x000000000800444e        0x2 
 .text.MSC_BOT_SendCSW
                0x0000000008004450       0x4c libSTM_USB_LIBRARY.a(usbd_msc_bot.c.o)
                0x0000000008004450                MSC_BOT_SendCSW
 .text.MSC_BOT_DataIn
                0x000000000800449c       0x44 libSTM_USB_LIBRARY.a(usbd_msc_bot.c.o)
                0x000000000800449c                MSC_BOT_DataIn
 .text.MSC_BOT_CBW_Decode
                0x00000000080044e0       0xb8 libSTM_USB_LIBRARY.a(usbd_msc_bot.c.o)
 .text.MSC_BOT_DataOut
                0x0000000008004598       0x3c libSTM_USB_LIBRARY.a(usbd_msc_bot.c.o)
                0x0000000008004598                MSC_BOT_DataOut
 .text.MSC_BOT_CplClrFeature
                0x00000000080045d4       0x48 libSTM_USB_LIBRARY.a(usbd_msc_bot.c.o)
                0x00000000080045d4                MSC_BOT_CplClrFeature
 .text.SCSI_AllowPreventRemovable
                0x000000000800461c       0x28 libSTM_USB_LIBRARY.a(usbd_msc_scsi.c.o)
 .text.SCSI_UpdateBotData
                0x0000000008004644       0x22 libSTM_USB_LIBRARY.a(usbd_msc_scsi.c.o)
 *fill*         0x0000000008004666        0x2 
 .text.SCSI_ModeSense6
                0x0000000008004668       0x4c libSTM_USB_LIBRARY.a(usbd_msc_scsi.c.o)
 .text.SCSI_ModeSense10
                0x00000000080046b4       0x4c libSTM_USB_LIBRARY.a(usbd_msc_scsi.c.o)
 .text.SCSI_SenseCode
                0x0000000008004700       0x38 libSTM_USB_LIBRARY.a(usbd_msc_scsi.c.o)
                0x0000000008004700                SCSI_SenseCode
 .text.SCSI_TestUnitReady
                0x0000000008004738       0x76 libSTM_USB_LIBRARY.a(usbd_msc_scsi.c.o)
 .text.SCSI_RequestSense
                0x00000000080047ae       0x92 libSTM_USB_LIBRARY.a(usbd_msc_scsi.c.o)
 .text.SCSI_Inquiry
                0x0000000008004840       0xa4 libSTM_USB_LIBRARY.a(usbd_msc_scsi.c.o)
 .text.SCSI_StartStopUnit
                0x00000000080048e4       0x60 libSTM_USB_LIBRARY.a(usbd_msc_scsi.c.o)
 .text.SCSI_ReadFormatCapacity
                0x0000000008004944       0x94 libSTM_USB_LIBRARY.a(usbd_msc_scsi.c.o)
 .text.SCSI_ReadCapacity10
                0x00000000080049d8       0x7a libSTM_USB_LIBRARY.a(usbd_msc_scsi.c.o)
 .text.SCSI_ReadCapacity16
                0x0000000008004a52       0xbe libSTM_USB_LIBRARY.a(usbd_msc_scsi.c.o)
 .text.SCSI_CheckAddressRange
                0x0000000008004b10       0x32 libSTM_USB_LIBRARY.a(usbd_msc_scsi.c.o)
 *fill*         0x0000000008004b42        0x2 
 .text.SCSI_ProcessRead
                0x0000000008004b44       0xb4 libSTM_USB_LIBRARY.a(usbd_msc_scsi.c.o)
 .text.SCSI_Read10
                0x0000000008004bf8       0xe6 libSTM_USB_LIBRARY.a(usbd_msc_scsi.c.o)
 .text.SCSI_Read12
                0x0000000008004cde       0xf4 libSTM_USB_LIBRARY.a(usbd_msc_scsi.c.o)
 *fill*         0x0000000008004dd2        0x2 
 .text.SCSI_ProcessWrite
                0x0000000008004dd4       0xc4 libSTM_USB_LIBRARY.a(usbd_msc_scsi.c.o)
 .text.SCSI_Write10
                0x0000000008004e98      0x138 libSTM_USB_LIBRARY.a(usbd_msc_scsi.c.o)
 .text.SCSI_Write12
                0x0000000008004fd0      0x14c libSTM_USB_LIBRARY.a(usbd_msc_scsi.c.o)
 .text.SCSI_Verify10
                0x000000000800511c       0x46 libSTM_USB_LIBRARY.a(usbd_msc_scsi.c.o)
 .text.SCSI_ProcessCmd
                0x0000000008005162       0xf8 libSTM_USB_LIBRARY.a(usbd_msc_scsi.c.o)
                0x0000000008005162                SCSI_ProcessCmd
 .text.USBD_Init
                0x000000000800525a       0x2e libSTM_USB_LIBRARY.a(usbd_core.c.o)
                0x000000000800525a                USBD_Init
 .text.USBD_RegisterClass
                0x0000000008005288       0x34 libSTM_USB_LIBRARY.a(usbd_core.c.o)
                0x0000000008005288                USBD_RegisterClass
 .text.USBD_Start
                0x00000000080052bc        0x8 libSTM_USB_LIBRARY.a(usbd_core.c.o)
                0x00000000080052bc                USBD_Start
 .text.USBD_SetClassConfig
                0x00000000080052c4       0x12 libSTM_USB_LIBRARY.a(usbd_core.c.o)
                0x00000000080052c4                USBD_SetClassConfig
 .text.USBD_ClrClassConfig
                0x00000000080052d6       0x12 libSTM_USB_LIBRARY.a(usbd_core.c.o)
                0x00000000080052d6                USBD_ClrClassConfig
 .text.USBD_LL_SetupStage
                0x00000000080052e8       0x58 libSTM_USB_LIBRARY.a(usbd_core.c.o)
                0x00000000080052e8                USBD_LL_SetupStage
 .text.USBD_LL_Reset
                0x0000000008005340       0x64 libSTM_USB_LIBRARY.a(usbd_core.c.o)
                0x0000000008005340                USBD_LL_Reset
 .text.USBD_LL_SetSpeed
                0x00000000080053a4        0x6 libSTM_USB_LIBRARY.a(usbd_core.c.o)
                0x00000000080053a4                USBD_LL_SetSpeed
 .text.USBD_LL_Suspend
                0x00000000080053aa       0x1e libSTM_USB_LIBRARY.a(usbd_core.c.o)
                0x00000000080053aa                USBD_LL_Suspend
 .text.USBD_LL_Resume
                0x00000000080053c8       0x1a libSTM_USB_LIBRARY.a(usbd_core.c.o)
                0x00000000080053c8                USBD_LL_Resume
 .text.USBD_LL_SOF
                0x00000000080053e2       0x22 libSTM_USB_LIBRARY.a(usbd_core.c.o)
                0x00000000080053e2                USBD_LL_SOF
 .text.USBD_LL_IsoINIncomplete
                0x0000000008005404       0x2e libSTM_USB_LIBRARY.a(usbd_core.c.o)
                0x0000000008005404                USBD_LL_IsoINIncomplete
 .text.USBD_LL_IsoOUTIncomplete
                0x0000000008005432       0x2e libSTM_USB_LIBRARY.a(usbd_core.c.o)
                0x0000000008005432                USBD_LL_IsoOUTIncomplete
 .text.USBD_LL_DevConnected
                0x0000000008005460        0x4 libSTM_USB_LIBRARY.a(usbd_core.c.o)
                0x0000000008005460                USBD_LL_DevConnected
 .text.USBD_LL_DevDisconnected
                0x0000000008005464       0x20 libSTM_USB_LIBRARY.a(usbd_core.c.o)
                0x0000000008005464                USBD_LL_DevDisconnected
 .text.USBD_CoreFindIF
                0x0000000008005484        0x4 libSTM_USB_LIBRARY.a(usbd_core.c.o)
                0x0000000008005484                USBD_CoreFindIF
 .text.USBD_CoreFindEP
                0x0000000008005488        0x4 libSTM_USB_LIBRARY.a(usbd_core.c.o)
                0x0000000008005488                USBD_CoreFindEP
 .text.USBD_LL_DataOutStage
                0x000000000800548c       0xc6 libSTM_USB_LIBRARY.a(usbd_core.c.o)
                0x000000000800548c                USBD_LL_DataOutStage
 .text.USBD_LL_DataInStage
                0x0000000008005552       0xd6 libSTM_USB_LIBRARY.a(usbd_core.c.o)
                0x0000000008005552                USBD_LL_DataInStage
 .text.USBD_GetNextDesc
                0x0000000008005628        0xe libSTM_USB_LIBRARY.a(usbd_core.c.o)
                0x0000000008005628                USBD_GetNextDesc
 .text.USBD_GetEpDesc
                0x0000000008005636       0x3e libSTM_USB_LIBRARY.a(usbd_core.c.o)
                0x0000000008005636                USBD_GetEpDesc
 .text.USBD_GetLen
                0x0000000008005674       0x14 libSTM_USB_LIBRARY.a(usbd_ctlreq.c.o)
 .text.USBD_ParseSetupRequest
                0x0000000008005688       0x28 libSTM_USB_LIBRARY.a(usbd_ctlreq.c.o)
                0x0000000008005688                USBD_ParseSetupRequest
 .text.USBD_CtlError
                0x00000000080056b0       0x14 libSTM_USB_LIBRARY.a(usbd_ctlreq.c.o)
                0x00000000080056b0                USBD_CtlError
 .text.USBD_GetDescriptor
                0x00000000080056c4      0x18a libSTM_USB_LIBRARY.a(usbd_ctlreq.c.o)
 .text.USBD_SetAddress
                0x000000000800584e       0x50 libSTM_USB_LIBRARY.a(usbd_ctlreq.c.o)
 *fill*         0x000000000800589e        0x2 
 .text.USBD_SetConfig
                0x00000000080058a0       0xcc libSTM_USB_LIBRARY.a(usbd_ctlreq.c.o)
 .text.USBD_GetConfig
                0x000000000800596c       0x40 libSTM_USB_LIBRARY.a(usbd_ctlreq.c.o)
 .text.USBD_GetStatus
                0x00000000080059ac       0x38 libSTM_USB_LIBRARY.a(usbd_ctlreq.c.o)
 .text.USBD_SetFeature
                0x00000000080059e4       0x2a libSTM_USB_LIBRARY.a(usbd_ctlreq.c.o)
 .text.USBD_ClrFeature
                0x0000000008005a0e       0x26 libSTM_USB_LIBRARY.a(usbd_ctlreq.c.o)
 .text.USBD_StdDevReq
                0x0000000008005a34       0x76 libSTM_USB_LIBRARY.a(usbd_ctlreq.c.o)
                0x0000000008005a34                USBD_StdDevReq
 .text.USBD_StdItfReq
                0x0000000008005aaa       0x84 libSTM_USB_LIBRARY.a(usbd_ctlreq.c.o)
                0x0000000008005aaa                USBD_StdItfReq
 .text.USBD_StdEPReq
                0x0000000008005b2e      0x230 libSTM_USB_LIBRARY.a(usbd_ctlreq.c.o)
                0x0000000008005b2e                USBD_StdEPReq
 .text.USBD_GetString
                0x0000000008005d5e       0x3a libSTM_USB_LIBRARY.a(usbd_ctlreq.c.o)
                0x0000000008005d5e                USBD_GetString
 .text.USBD_CtlSendData
                0x0000000008005d98       0x1a libSTM_USB_LIBRARY.a(usbd_ioreq.c.o)
                0x0000000008005d98                USBD_CtlSendData
 .text.USBD_CtlContinueSendData
                0x0000000008005db2       0x10 libSTM_USB_LIBRARY.a(usbd_ioreq.c.o)
                0x0000000008005db2                USBD_CtlContinueSendData
 .text.USBD_CtlContinueRx
                0x0000000008005dc2       0x10 libSTM_USB_LIBRARY.a(usbd_ioreq.c.o)
                0x0000000008005dc2                USBD_CtlContinueRx
 .text.USBD_CtlSendStatus
                0x0000000008005dd2       0x16 libSTM_USB_LIBRARY.a(usbd_ioreq.c.o)
                0x0000000008005dd2                USBD_CtlSendStatus
 .text.USBD_CtlReceiveStatus
                0x0000000008005de8       0x16 libSTM_USB_LIBRARY.a(usbd_ioreq.c.o)
                0x0000000008005de8                USBD_CtlReceiveStatus
 *fill*         0x0000000008005dfe        0x2 
 .text.startup  0x0000000008005e00       0x14 /usr/lib/gcc/arm-none-eabi/12.2.1/../../../arm-none-eabi/lib/thumb/v7e-m+fp/hard/libc.a(lib_a-__call_atexit.o)
 *(.glue_7)
 .glue_7        0x0000000008005e14        0x0 linker stubs
 *(.glue_7t)
 .glue_7t       0x0000000008005e14        0x0 linker stubs
 *(.eh_frame)
 .eh_frame      0x0000000008005e14        0x0 /usr/lib/gcc/arm-none-eabi/12.2.1/thumb/v7e-m+fp/hard/crtbegin.o
 *(.init)
 .init          0x0000000008005e14        0x4 /usr/lib/gcc/arm-none-eabi/12.2.1/thumb/v7e-m+fp/hard/crti.o
                0x0000000008005e14                _init
 .init          0x0000000008005e18        0x8 /usr/lib/gcc/arm-none-eabi/12.2.1/thumb/v7e-m+fp/hard/crtn.o
 *(.fini)
 .fini          0x0000000008005e20        0x4 /usr/lib/gcc/arm-none-eabi/12.2.1/thumb/v7e-m+fp/hard/crti.o
                0x0000000008005e20                _fini
 .fini          0x0000000008005e24        0x8 /usr/lib/gcc/arm-none-eabi/12.2.1/thumb/v7e-m+fp/hard/crtn.o
                0x0000000008005e2c                . = ALIGN (0x4)
                0x0000000008005e2c                _etext = .

.vfp11_veneer   0x0000000008005e2c        0x0
 .vfp11_veneer  0x0000000008005e2c        0x0 linker stubs

.v4_bx          0x0000000008005e2c        0x0
 .v4_bx         0x0000000008005e2c        0x0 linker stubs

.iplt           0x0000000008005e2c        0x0
 .iplt          0x0000000008005e2c        0x0 /usr/lib/gcc/arm-none-eabi/12.2.1/thumb/v7e-m+fp/hard/crtbegin.o

.rodata         0x0000000008005e2c       0x78
                0x0000000008005e2c                . = ALIGN (0x4)
 *(.rodata)
 .rodata        0x0000000008005e2c        0x4 /usr/lib/gcc/arm-none-eabi/12.2.1/../../../arm-none-eabi/lib/thumb/v7e-m+fp/hard/libc.a(lib_a-impure.o)
                0x0000000008005e2c                _global_impure_ptr
 *(.rodata*)
 .rodata.USBD_FS_ProductStrDescriptor.str1.4
                0x0000000008005e30       0x13 CMakeFiles/BusCard.elf.dir/Source/usb_dev/usbd_desc.c.o
 *fill*         0x0000000008005e43        0x1 
 .rodata.USBD_FS_ManufacturerStrDescriptor.str1.4
                0x0000000008005e44       0x13 CMakeFiles/BusCard.elf.dir/Source/usb_dev/usbd_desc.c.o
 *fill*         0x0000000008005e57        0x1 
 .rodata.USBD_FS_ConfigStrDescriptor.str1.4
                0x0000000008005e58        0xb CMakeFiles/BusCard.elf.dir/Source/usb_dev/usbd_desc.c.o
 *fill*         0x0000000008005e63        0x1 
 .rodata.USBD_FS_InterfaceStrDescriptor.str1.4
                0x0000000008005e64        0xe CMakeFiles/BusCard.elf.dir/Source/usb_dev/usbd_desc.c.o
 *fill*         0x0000000008005e72        0x2 
 .rodata.STORAGE_Inquirydata_FS
                0x0000000008005e74       0x20 CMakeFiles/BusCard.elf.dir/Source/usb_dev/usbd_storage_if.c.o
                0x0000000008005e74                STORAGE_Inquirydata_FS
 .rodata.AHBPrescTable
                0x0000000008005e94       0x10 libCMSIS_LIBRARY.a(system_stm32f4xx.c.o)
                0x0000000008005e94                AHBPrescTable
                0x0000000008005ea4                . = ALIGN (0x4)

.ARM.extab      0x0000000008005ea4       0x3c
                0x0000000008005ea4                . = ALIGN (0x4)
 *(.ARM.extab* .gnu.linkonce.armextab.*)
 .ARM.extab.text.main
                0x0000000008005ea4        0xc CMakeFiles/BusCard.elf.dir/main.cpp.o
 .ARM.extab.text.SysTick_Handler
                0x0000000008005eb0        0xc CMakeFiles/BusCard.elf.dir/Source/interrupts.cpp.o
 .ARM.extab.text.OTG_FS_IRQHandler
                0x0000000008005ebc        0xc CMakeFiles/BusCard.elf.dir/Source/interrupts.cpp.o
 .ARM.extab     0x0000000008005ec8       0x18 /usr/lib/gcc/arm-none-eabi/12.2.1/thumb/v7e-m+fp/hard/libgcc.a(pr-support.o)
                0x0000000008005ee0                . = ALIGN (0x4)

.ARM            0x0000000008005ee0       0xf0
                0x0000000008005ee0                . = ALIGN (0x4)
                0x0000000008005ee0                __exidx_start = .
 *(.ARM.exidx*)
 .ARM.exidx     0x0000000008005ee0        0x8 /usr/lib/gcc/arm-none-eabi/12.2.1/thumb/v7e-m+fp/hard/libgcc.a(_udivmoddi4.o)
 .ARM.exidx     0x0000000008005ee8       0x78 /usr/lib/gcc/arm-none-eabi/12.2.1/thumb/v7e-m+fp/hard/libgcc.a(unwind-arm.o)
                                         0xd8 (size before relaxing)
 .ARM.exidx     0x0000000008005f60       0x38 /usr/lib/gcc/arm-none-eabi/12.2.1/thumb/v7e-m+fp/hard/libgcc.a(pr-support.o)
 .ARM.exidx.text.main
                0x0000000008005f98        0x8 CMakeFiles/BusCard.elf.dir/main.cpp.o
 .ARM.exidx.text.Error_Handler
                0x0000000008005fa0        0x8 CMakeFiles/BusCard.elf.dir/Source/Board.cpp.o
 .ARM.exidx.text.HAL_MspInit
                0x0000000008005fa8        0x0 CMakeFiles/BusCard.elf.dir/Source/Board.cpp.o
                                          0x8 (size before relaxing)
 .ARM.exidx.text._Z18SystemClock_Configv
                0x0000000008005fa8        0x8 CMakeFiles/BusCard.elf.dir/Source/Board.cpp.o
 .ARM.exidx.text._Z9BoardInitv
                0x0000000008005fb0        0x8 CMakeFiles/BusCard.elf.dir/Source/Board.cpp.o
 .ARM.exidx.text.SysTick_Handler
                0x0000000008005fb8        0x8 CMakeFiles/BusCard.elf.dir/Source/interrupts.cpp.o
 .ARM.exidx.text.OTG_FS_IRQHandler
                0x0000000008005fc0       0x10 CMakeFiles/BusCard.elf.dir/Source/interrupts.cpp.o
                                          0x8 (size before relaxing)
                0x0000000008005fd0                __exidx_end = .
                0x0000000008005fd0                . = ALIGN (0x4)

.rel.dyn        0x0000000008005fd0        0x0
 .rel.iplt      0x0000000008005fd0        0x0 /usr/lib/gcc/arm-none-eabi/12.2.1/thumb/v7e-m+fp/hard/crtbegin.o

.preinit_array  0x0000000008005fd0        0x0
                0x0000000008005fd0                . = ALIGN (0x4)
                0x0000000008005fd0                PROVIDE (__preinit_array_start = .)
 *(.preinit_array*)
                0x0000000008005fd0                PROVIDE (__preinit_array_end = .)
                0x0000000008005fd0                . = ALIGN (0x4)

.init_array     0x0000000008005fd0        0x8
                0x0000000008005fd0                . = ALIGN (0x4)
                0x0000000008005fd0                PROVIDE (__init_array_start = .)
 *(SORT_BY_NAME(.init_array.*))
 .init_array.00000
                0x0000000008005fd0        0x4 /usr/lib/gcc/arm-none-eabi/12.2.1/../../../arm-none-eabi/lib/thumb/v7e-m+fp/hard/libc.a(lib_a-__call_atexit.o)
 *(.init_array*)
 .init_array    0x0000000008005fd4        0x4 /usr/lib/gcc/arm-none-eabi/12.2.1/thumb/v7e-m+fp/hard/crtbegin.o
                0x0000000008005fd8                PROVIDE (__init_array_end = .)
                0x0000000008005fd8                . = ALIGN (0x4)

.fini_array     0x0000000008005fd8        0x4
                0x0000000008005fd8                . = ALIGN (0x4)
                0x0000000008005fd8                PROVIDE (__fini_array_start = .)
 *(SORT_BY_NAME(.fini_array.*))
 *(.fini_array*)
 .fini_array    0x0000000008005fd8        0x4 /usr/lib/gcc/arm-none-eabi/12.2.1/thumb/v7e-m+fp/hard/crtbegin.o
                0x0000000008005fdc                PROVIDE (__fini_array_end = .)
                0x0000000008005fdc                . = ALIGN (0x4)
                0x0000000008005fdc                _sidata = LOADADDR (.data)

.data           0x0000000020000000      0x530 load address 0x0000000008005fdc
                0x0000000020000000                . = ALIGN (0x4)
                0x0000000020000000                _sdata = .
 *(.data)
 .data          0x0000000020000000      0x430 /usr/lib/gcc/arm-none-eabi/12.2.1/../../../arm-none-eabi/lib/thumb/v7e-m+fp/hard/libc.a(lib_a-impure.o)
                0x0000000020000000                _impure_ptr
 *(.data*)
 .data.USBD_StringSerial
                0x0000000020000430       0x1a CMakeFiles/BusCard.elf.dir/Source/usb_dev/usbd_desc.c.o
                0x0000000020000430                USBD_StringSerial
 *fill*         0x000000002000044a        0x2 
 .data.USBD_LangIDDesc
                0x000000002000044c        0x4 CMakeFiles/BusCard.elf.dir/Source/usb_dev/usbd_desc.c.o
                0x000000002000044c                USBD_LangIDDesc
 .data.USBD_FS_DeviceDesc
                0x0000000020000450       0x12 CMakeFiles/BusCard.elf.dir/Source/usb_dev/usbd_desc.c.o
                0x0000000020000450                USBD_FS_DeviceDesc
 *fill*         0x0000000020000462        0x2 
 .data.FS_Desc  0x0000000020000464       0x1c CMakeFiles/BusCard.elf.dir/Source/usb_dev/usbd_desc.c.o
                0x0000000020000464                FS_Desc
 .data.USBD_Storage_Interface_fops_FS
                0x0000000020000480       0x20 CMakeFiles/BusCard.elf.dir/Source/usb_dev/usbd_storage_if.c.o
                0x0000000020000480                USBD_Storage_Interface_fops_FS
 .data.SystemCoreClock
                0x00000000200004a0        0x4 libCMSIS_LIBRARY.a(system_stm32f4xx.c.o)
                0x00000000200004a0                SystemCoreClock
 .data.uwTickFreq
                0x00000000200004a4        0x1 libSTM_HAL_LIBRARY.a(stm32f4xx_hal.c.o)
                0x00000000200004a4                uwTickFreq
 *fill*         0x00000000200004a5        0x3 
 .data.uwTickPrio
                0x00000000200004a8        0x4 libSTM_HAL_LIBRARY.a(stm32f4xx_hal.c.o)
                0x00000000200004a8                uwTickPrio
 .data.MSCOutEpAdd
                0x00000000200004ac        0x1 libSTM_USB_LIBRARY.a(usbd_msc.c.o)
                0x00000000200004ac                MSCOutEpAdd
 .data.MSCInEpAdd
                0x00000000200004ad        0x1 libSTM_USB_LIBRARY.a(usbd_msc.c.o)
                0x00000000200004ad                MSCInEpAdd
 *fill*         0x00000000200004ae        0x2 
 .data.USBD_MSC_DeviceQualifierDesc
                0x00000000200004b0        0xa libSTM_USB_LIBRARY.a(usbd_msc.c.o)
 *fill*         0x00000000200004ba        0x2 
 .data.USBD_MSC_CfgDesc
                0x00000000200004bc       0x20 libSTM_USB_LIBRARY.a(usbd_msc.c.o)
 .data.USBD_MSC
                0x00000000200004dc       0x38 libSTM_USB_LIBRARY.a(usbd_msc.c.o)
                0x00000000200004dc                USBD_MSC
 .data.MSC_Mode_Sense10_data
                0x0000000020000514        0x8 libSTM_USB_LIBRARY.a(usbd_msc_data.c.o)
                0x0000000020000514                MSC_Mode_Sense10_data
 .data.MSC_Mode_Sense6_data
                0x000000002000051c        0x4 libSTM_USB_LIBRARY.a(usbd_msc_data.c.o)
                0x000000002000051c                MSC_Mode_Sense6_data
 .data.MSC_Page80_Inquiry_Data
                0x0000000020000520        0x8 libSTM_USB_LIBRARY.a(usbd_msc_data.c.o)
                0x0000000020000520                MSC_Page80_Inquiry_Data
 .data.MSC_Page00_Inquiry_Data
                0x0000000020000528        0x6 libSTM_USB_LIBRARY.a(usbd_msc_data.c.o)
                0x0000000020000528                MSC_Page00_Inquiry_Data
 *(.RamFunc)
 *(.RamFunc*)
                0x0000000020000530                . = ALIGN (0x4)
 *fill*         0x000000002000052e        0x2 
                0x0000000020000530                _edata = .

.tm_clone_table
                0x0000000020000530        0x0 load address 0x000000000800650c
 .tm_clone_table
                0x0000000020000530        0x0 /usr/lib/gcc/arm-none-eabi/12.2.1/thumb/v7e-m+fp/hard/crtbegin.o
 .tm_clone_table
                0x0000000020000530        0x0 /usr/lib/gcc/arm-none-eabi/12.2.1/thumb/v7e-m+fp/hard/crtend.o

.igot.plt       0x0000000020000530        0x0 load address 0x000000000800650c
 .igot.plt      0x0000000020000530        0x0 /usr/lib/gcc/arm-none-eabi/12.2.1/thumb/v7e-m+fp/hard/crtbegin.o
                0x0000000020000530                . = ALIGN (0x4)

.bss            0x0000000020000530      0xe5c load address 0x000000000800650c
                0x0000000020000530                _sbss = .
                0x0000000020000530                __bss_start__ = _sbss
 *(.bss)
 .bss           0x0000000020000530       0x1c /usr/lib/gcc/arm-none-eabi/12.2.1/thumb/v7e-m+fp/hard/crtbegin.o
 *(.bss*)
 .bss.hUsbDeviceFS
                0x000000002000054c      0x2dc CMakeFiles/BusCard.elf.dir/Source/usb_dev/usb_device.c.o
                0x000000002000054c                hUsbDeviceFS
 .bss.mem.0     0x0000000020000828      0x278 CMakeFiles/BusCard.elf.dir/Source/usb_dev/usbd_conf.c.o
 .bss.hpcd_USB_OTG_FS
                0x0000000020000aa0      0x4e4 CMakeFiles/BusCard.elf.dir/Source/usb_dev/usbd_conf.c.o
                0x0000000020000aa0                hpcd_USB_OTG_FS
 .bss.USBD_StrDesc
                0x0000000020000f84      0x200 CMakeFiles/BusCard.elf.dir/Source/usb_dev/usbd_desc.c.o
                0x0000000020000f84                USBD_StrDesc
 .bss.memory    0x0000000020001184      0x200 CMakeFiles/BusCard.elf.dir/Source/usb_dev/usbd_storage_if.c.o
                0x0000000020001184                memory
 .bss.uwTick    0x0000000020001384        0x4 libSTM_HAL_LIBRARY.a(stm32f4xx_hal.c.o)
                0x0000000020001384                uwTick
 .bss.cfgidx.0  0x0000000020001388        0x1 libSTM_USB_LIBRARY.a(usbd_ctlreq.c.o)
 *(COMMON)
                0x000000002000138c                . = ALIGN (0x4)
 *fill*         0x0000000020001389        0x3 
                0x000000002000138c                _ebss = .
                0x000000002000138c                __bss_end__ = _ebss

._user_heap_stack
                0x000000002000138c      0x604 load address 0x000000000800650c
                0x0000000020001390                . = ALIGN (0x8)
 *fill*         0x000000002000138c        0x4 
                0x0000000020001390                PROVIDE (end = .)
                [!provide]                        PROVIDE (_end = .)
                0x0000000020001590                . = (. + _Heap_Size)
 *fill*         0x0000000020001390      0x200 
                0x0000000020001990                . = (. + _Stack_Size)
 *fill*         0x0000000020001590      0x400 
                0x0000000020001990                . = ALIGN (0x8)

/DISCARD/
 libc.a(*)
 libm.a(*)
 libgcc.a(*)

.ARM.attributes
                0x0000000000000000       0x30
 *(.ARM.attributes)
 .ARM.attributes
                0x0000000000000000       0x22 /usr/lib/gcc/arm-none-eabi/12.2.1/thumb/v7e-m+fp/hard/crti.o
 .ARM.attributes
                0x0000000000000022       0x34 /usr/lib/gcc/arm-none-eabi/12.2.1/thumb/v7e-m+fp/hard/crtbegin.o
 .ARM.attributes
                0x0000000000000056       0x34 CMakeFiles/BusCard.elf.dir/main.cpp.o
 .ARM.attributes
                0x000000000000008a       0x34 CMakeFiles/BusCard.elf.dir/Source/Board.cpp.o
 .ARM.attributes
                0x00000000000000be       0x34 CMakeFiles/BusCard.elf.dir/Source/interrupts.cpp.o
 .ARM.attributes
                0x00000000000000f2       0x34 CMakeFiles/BusCard.elf.dir/Source/usb_dev/usb_device.c.o
 .ARM.attributes
                0x0000000000000126       0x34 CMakeFiles/BusCard.elf.dir/Source/usb_dev/usbd_conf.c.o
 .ARM.attributes
                0x000000000000015a       0x34 CMakeFiles/BusCard.elf.dir/Source/usb_dev/usbd_desc.c.o
 .ARM.attributes
                0x000000000000018e       0x34 CMakeFiles/BusCard.elf.dir/Source/usb_dev/usbd_storage_if.c.o
 .ARM.attributes
                0x00000000000001c2       0x21 libCMSIS_LIBRARY.a(startup_stm32f411xe.s.o)
 .ARM.attributes
                0x00000000000001e3       0x34 libCMSIS_LIBRARY.a(system_stm32f4xx.c.o)
 .ARM.attributes
                0x0000000000000217       0x34 libSTM_HAL_LIBRARY.a(stm32f4xx_hal.c.o)
 .ARM.attributes
                0x000000000000024b       0x34 libSTM_HAL_LIBRARY.a(stm32f4xx_hal_cortex.c.o)
 .ARM.attributes
                0x000000000000027f       0x34 libSTM_HAL_LIBRARY.a(stm32f4xx_hal_gpio.c.o)
 .ARM.attributes
                0x00000000000002b3       0x34 libSTM_HAL_LIBRARY.a(stm32f4xx_hal_pcd.c.o)
 .ARM.attributes
                0x00000000000002e7       0x34 libSTM_HAL_LIBRARY.a(stm32f4xx_hal_pcd_ex.c.o)
 .ARM.attributes
                0x000000000000031b       0x34 libSTM_HAL_LIBRARY.a(stm32f4xx_hal_rcc.c.o)
 .ARM.attributes
                0x000000000000034f       0x34 libSTM_HAL_LIBRARY.a(stm32f4xx_ll_usb.c.o)
 .ARM.attributes
                0x0000000000000383       0x34 libSTM_USB_LIBRARY.a(usbd_msc.c.o)
 .ARM.attributes
                0x00000000000003b7       0x34 libSTM_USB_LIBRARY.a(usbd_msc_bot.c.o)
 .ARM.attributes
                0x00000000000003eb       0x34 libSTM_USB_LIBRARY.a(usbd_msc_scsi.c.o)
 .ARM.attributes
                0x000000000000041f       0x34 libSTM_USB_LIBRARY.a(usbd_core.c.o)
 .ARM.attributes
                0x0000000000000453       0x34 libSTM_USB_LIBRARY.a(usbd_ctlreq.c.o)
 .ARM.attributes
                0x0000000000000487       0x34 libSTM_USB_LIBRARY.a(usbd_ioreq.c.o)
 .ARM.attributes
                0x00000000000004bb       0x34 libSTM_USB_LIBRARY.a(usbd_msc_data.c.o)
 .ARM.attributes
                0x00000000000004ef       0x34 /usr/lib/gcc/arm-none-eabi/12.2.1/../../../arm-none-eabi/lib/thumb/v7e-m+fp/hard/libc.a(lib_a-atexit.o)
 .ARM.attributes
                0x0000000000000523       0x34 /usr/lib/gcc/arm-none-eabi/12.2.1/../../../arm-none-eabi/lib/thumb/v7e-m+fp/hard/libc.a(lib_a-fini.o)
 .ARM.attributes
                0x0000000000000557       0x32 /usr/lib/gcc/arm-none-eabi/12.2.1/../../../arm-none-eabi/lib/thumb/v7e-m+fp/hard/libc.a(lib_a-impure.o)
 .ARM.attributes
                0x0000000000000589       0x34 /usr/lib/gcc/arm-none-eabi/12.2.1/../../../arm-none-eabi/lib/thumb/v7e-m+fp/hard/libc.a(lib_a-init.o)
 .ARM.attributes
                0x00000000000005bd       0x34 /usr/lib/gcc/arm-none-eabi/12.2.1/../../../arm-none-eabi/lib/thumb/v7e-m+fp/hard/libc.a(lib_a-memset.o)
 .ARM.attributes
                0x00000000000005f1       0x34 /usr/lib/gcc/arm-none-eabi/12.2.1/../../../arm-none-eabi/lib/thumb/v7e-m+fp/hard/libc.a(lib_a-__atexit.o)
 .ARM.attributes
                0x0000000000000625       0x34 /usr/lib/gcc/arm-none-eabi/12.2.1/../../../arm-none-eabi/lib/thumb/v7e-m+fp/hard/libc.a(lib_a-__call_atexit.o)
 .ARM.attributes
                0x0000000000000659       0x22 /usr/lib/gcc/arm-none-eabi/12.2.1/thumb/v7e-m+fp/hard/libgcc.a(_aeabi_uldivmod.o)
 .ARM.attributes
                0x000000000000067b       0x34 /usr/lib/gcc/arm-none-eabi/12.2.1/thumb/v7e-m+fp/hard/libgcc.a(_udivmoddi4.o)
 .ARM.attributes
                0x00000000000006af       0x34 /usr/lib/gcc/arm-none-eabi/12.2.1/thumb/v7e-m+fp/hard/libgcc.a(unwind-arm.o)
 .ARM.attributes
                0x00000000000006e3       0x22 /usr/lib/gcc/arm-none-eabi/12.2.1/thumb/v7e-m+fp/hard/libgcc.a(libunwind.o)
 .ARM.attributes
                0x0000000000000705       0x34 /usr/lib/gcc/arm-none-eabi/12.2.1/thumb/v7e-m+fp/hard/libgcc.a(pr-support.o)
 .ARM.attributes
                0x0000000000000739       0x22 /usr/lib/gcc/arm-none-eabi/12.2.1/thumb/v7e-m+fp/hard/libgcc.a(_dvmd_tls.o)
 .ARM.attributes
                0x000000000000075b       0x1c /usr/lib/gcc/arm-none-eabi/12.2.1/../../../arm-none-eabi/lib/thumb/v7e-m+fp/hard/libg.a(lib_a-memcpy.o)
 .ARM.attributes
                0x0000000000000777       0x34 /usr/lib/gcc/arm-none-eabi/12.2.1/thumb/v7e-m+fp/hard/crtend.o
 .ARM.attributes
                0x00000000000007ab       0x22 /usr/lib/gcc/arm-none-eabi/12.2.1/thumb/v7e-m+fp/hard/crtn.o
OUTPUT(BusCard.elf elf32-littlearm)
LOAD linker stubs
LOAD /usr/lib/gcc/arm-none-eabi/12.2.1/../../../arm-none-eabi/lib/thumb/v7e-m+fp/hard/libc.a
LOAD /usr/lib/gcc/arm-none-eabi/12.2.1/../../../arm-none-eabi/lib/thumb/v7e-m+fp/hard/libm.a
LOAD /usr/lib/gcc/arm-none-eabi/12.2.1/thumb/v7e-m+fp/hard/libgcc.a

.comment        0x0000000000000000       0x59
 .comment       0x0000000000000000       0x26 /usr/lib/gcc/arm-none-eabi/12.2.1/thumb/v7e-m+fp/hard/crtbegin.o
                                         0x27 (size before relaxing)
 .comment       0x0000000000000026       0x27 CMakeFiles/BusCard.elf.dir/main.cpp.o
 .comment       0x0000000000000026       0x27 CMakeFiles/BusCard.elf.dir/Source/Board.cpp.o
 .comment       0x0000000000000026       0x27 CMakeFiles/BusCard.elf.dir/Source/interrupts.cpp.o
 .comment       0x0000000000000026       0x27 CMakeFiles/BusCard.elf.dir/Source/usb_dev/usb_device.c.o
 .comment       0x0000000000000026       0x27 CMakeFiles/BusCard.elf.dir/Source/usb_dev/usbd_conf.c.o
 .comment       0x0000000000000026       0x27 CMakeFiles/BusCard.elf.dir/Source/usb_dev/usbd_desc.c.o
 .comment       0x0000000000000026       0x27 CMakeFiles/BusCard.elf.dir/Source/usb_dev/usbd_storage_if.c.o
 .comment       0x0000000000000026       0x27 libCMSIS_LIBRARY.a(system_stm32f4xx.c.o)
 .comment       0x0000000000000026       0x27 libSTM_HAL_LIBRARY.a(stm32f4xx_hal.c.o)
 .comment       0x0000000000000026       0x27 libSTM_HAL_LIBRARY.a(stm32f4xx_hal_cortex.c.o)
 .comment       0x0000000000000026       0x27 libSTM_HAL_LIBRARY.a(stm32f4xx_hal_gpio.c.o)
 .comment       0x0000000000000026       0x27 libSTM_HAL_LIBRARY.a(stm32f4xx_hal_pcd.c.o)
 .comment       0x0000000000000026       0x27 libSTM_HAL_LIBRARY.a(stm32f4xx_hal_pcd_ex.c.o)
 .comment       0x0000000000000026       0x27 libSTM_HAL_LIBRARY.a(stm32f4xx_hal_rcc.c.o)
 .comment       0x0000000000000026       0x27 libSTM_HAL_LIBRARY.a(stm32f4xx_ll_usb.c.o)
 .comment       0x0000000000000026       0x27 libSTM_USB_LIBRARY.a(usbd_msc.c.o)
 .comment       0x0000000000000026       0x27 libSTM_USB_LIBRARY.a(usbd_msc_bot.c.o)
 .comment       0x0000000000000026       0x27 libSTM_USB_LIBRARY.a(usbd_msc_scsi.c.o)
 .comment       0x0000000000000026       0x27 libSTM_USB_LIBRARY.a(usbd_core.c.o)
 .comment       0x0000000000000026       0x27 libSTM_USB_LIBRARY.a(usbd_ctlreq.c.o)
 .comment       0x0000000000000026       0x27 libSTM_USB_LIBRARY.a(usbd_ioreq.c.o)
 .comment       0x0000000000000026       0x27 libSTM_USB_LIBRARY.a(usbd_msc_data.c.o)
 .comment       0x0000000000000026       0x33 /usr/lib/gcc/arm-none-eabi/12.2.1/../../../arm-none-eabi/lib/thumb/v7e-m+fp/hard/libc.a(lib_a-atexit.o)
                                         0x34 (size before relaxing)
 .comment       0x0000000000000059       0x34 /usr/lib/gcc/arm-none-eabi/12.2.1/../../../arm-none-eabi/lib/thumb/v7e-m+fp/hard/libc.a(lib_a-fini.o)
 .comment       0x0000000000000059       0x34 /usr/lib/gcc/arm-none-eabi/12.2.1/../../../arm-none-eabi/lib/thumb/v7e-m+fp/hard/libc.a(lib_a-impure.o)
 .comment       0x0000000000000059       0x34 /usr/lib/gcc/arm-none-eabi/12.2.1/../../../arm-none-eabi/lib/thumb/v7e-m+fp/hard/libc.a(lib_a-init.o)
 .comment       0x0000000000000059       0x34 /usr/lib/gcc/arm-none-eabi/12.2.1/../../../arm-none-eabi/lib/thumb/v7e-m+fp/hard/libc.a(lib_a-memset.o)
 .comment       0x0000000000000059       0x34 /usr/lib/gcc/arm-none-eabi/12.2.1/../../../arm-none-eabi/lib/thumb/v7e-m+fp/hard/libc.a(lib_a-__atexit.o)
 .comment       0x0000000000000059       0x34 /usr/lib/gcc/arm-none-eabi/12.2.1/../../../arm-none-eabi/lib/thumb/v7e-m+fp/hard/libc.a(lib_a-__call_atexit.o)
 .comment       0x0000000000000059       0x27 /usr/lib/gcc/arm-none-eabi/12.2.1/thumb/v7e-m+fp/hard/libgcc.a(_udivmoddi4.o)
 .comment       0x0000000000000059       0x27 /usr/lib/gcc/arm-none-eabi/12.2.1/thumb/v7e-m+fp/hard/libgcc.a(unwind-arm.o)
 .comment       0x0000000000000059       0x27 /usr/lib/gcc/arm-none-eabi/12.2.1/thumb/v7e-m+fp/hard/libgcc.a(pr-support.o)
 .comment       0x0000000000000059       0x27 /usr/lib/gcc/arm-none-eabi/12.2.1/thumb/v7e-m+fp/hard/crtend.o

.debug_info     0x0000000000000000    0x1716f
 .debug_info    0x0000000000000000       0x62 CMakeFiles/BusCard.elf.dir/main.cpp.o
 .debug_info    0x0000000000000062      0xca7 CMakeFiles/BusCard.elf.dir/Source/Board.cpp.o
 .debug_info    0x0000000000000d09      0x5c0 CMakeFiles/BusCard.elf.dir/Source/interrupts.cpp.o
 .debug_info    0x00000000000012c9      0x79a CMakeFiles/BusCard.elf.dir/Source/usb_dev/usb_device.c.o
 .debug_info    0x0000000000001a63     0x1fd6 CMakeFiles/BusCard.elf.dir/Source/usb_dev/usbd_conf.c.o
 .debug_info    0x0000000000003a39      0x5c9 CMakeFiles/BusCard.elf.dir/Source/usb_dev/usbd_desc.c.o
 .debug_info    0x0000000000004002      0x412 CMakeFiles/BusCard.elf.dir/Source/usb_dev/usbd_storage_if.c.o
 .debug_info    0x0000000000004414       0x2e libCMSIS_LIBRARY.a(startup_stm32f411xe.s.o)
 .debug_info    0x0000000000004442      0x536 libCMSIS_LIBRARY.a(system_stm32f4xx.c.o)
 .debug_info    0x0000000000004978      0x95a libSTM_HAL_LIBRARY.a(stm32f4xx_hal.c.o)
 .debug_info    0x00000000000052d2      0xed8 libSTM_HAL_LIBRARY.a(stm32f4xx_hal_cortex.c.o)
 .debug_info    0x00000000000061aa      0x71a libSTM_HAL_LIBRARY.a(stm32f4xx_hal_gpio.c.o)
 .debug_info    0x00000000000068c4     0x1bee libSTM_HAL_LIBRARY.a(stm32f4xx_hal_pcd.c.o)
 .debug_info    0x00000000000084b2      0x6d9 libSTM_HAL_LIBRARY.a(stm32f4xx_hal_pcd_ex.c.o)
 .debug_info    0x0000000000008b8b      0xa84 libSTM_HAL_LIBRARY.a(stm32f4xx_hal_rcc.c.o)
 .debug_info    0x000000000000960f     0x1e59 libSTM_HAL_LIBRARY.a(stm32f4xx_ll_usb.c.o)
 .debug_info    0x000000000000b468     0x10c1 libSTM_USB_LIBRARY.a(usbd_msc.c.o)
 .debug_info    0x000000000000c529      0xf71 libSTM_USB_LIBRARY.a(usbd_msc_bot.c.o)
 .debug_info    0x000000000000d49a     0x1a65 libSTM_USB_LIBRARY.a(usbd_msc_scsi.c.o)
 .debug_info    0x000000000000eeff     0x121c libSTM_USB_LIBRARY.a(usbd_core.c.o)
 .debug_info    0x000000000001011b     0x13ce libSTM_USB_LIBRARY.a(usbd_ctlreq.c.o)
 .debug_info    0x00000000000114e9      0x886 libSTM_USB_LIBRARY.a(usbd_ioreq.c.o)
 .debug_info    0x0000000000011d6f      0x117 libSTM_USB_LIBRARY.a(usbd_msc_data.c.o)
 .debug_info    0x0000000000011e86      0x100 /usr/lib/gcc/arm-none-eabi/12.2.1/../../../arm-none-eabi/lib/thumb/v7e-m+fp/hard/libc.a(lib_a-atexit.o)
 .debug_info    0x0000000000011f86      0x102 /usr/lib/gcc/arm-none-eabi/12.2.1/../../../arm-none-eabi/lib/thumb/v7e-m+fp/hard/libc.a(lib_a-fini.o)
 .debug_info    0x0000000000012088      0x92a /usr/lib/gcc/arm-none-eabi/12.2.1/../../../arm-none-eabi/lib/thumb/v7e-m+fp/hard/libc.a(lib_a-impure.o)
 .debug_info    0x00000000000129b2      0x11a /usr/lib/gcc/arm-none-eabi/12.2.1/../../../arm-none-eabi/lib/thumb/v7e-m+fp/hard/libc.a(lib_a-init.o)
 .debug_info    0x0000000000012acc      0x137 /usr/lib/gcc/arm-none-eabi/12.2.1/../../../arm-none-eabi/lib/thumb/v7e-m+fp/hard/libc.a(lib_a-memset.o)
 .debug_info    0x0000000000012c03      0x9b0 /usr/lib/gcc/arm-none-eabi/12.2.1/../../../arm-none-eabi/lib/thumb/v7e-m+fp/hard/libc.a(lib_a-__atexit.o)
 .debug_info    0x00000000000135b3      0xa3d /usr/lib/gcc/arm-none-eabi/12.2.1/../../../arm-none-eabi/lib/thumb/v7e-m+fp/hard/libc.a(lib_a-__call_atexit.o)
 .debug_info    0x0000000000013ff0       0x24 /usr/lib/gcc/arm-none-eabi/12.2.1/thumb/v7e-m+fp/hard/libgcc.a(_aeabi_uldivmod.o)
 .debug_info    0x0000000000014014      0x6ef /usr/lib/gcc/arm-none-eabi/12.2.1/thumb/v7e-m+fp/hard/libgcc.a(_udivmoddi4.o)
 .debug_info    0x0000000000014703     0x1ea0 /usr/lib/gcc/arm-none-eabi/12.2.1/thumb/v7e-m+fp/hard/libgcc.a(unwind-arm.o)
 .debug_info    0x00000000000165a3      0x102 /usr/lib/gcc/arm-none-eabi/12.2.1/thumb/v7e-m+fp/hard/libgcc.a(libunwind.o)
 .debug_info    0x00000000000166a5      0xa6b /usr/lib/gcc/arm-none-eabi/12.2.1/thumb/v7e-m+fp/hard/libgcc.a(pr-support.o)
 .debug_info    0x0000000000017110       0x39 /usr/lib/gcc/arm-none-eabi/12.2.1/thumb/v7e-m+fp/hard/libgcc.a(_dvmd_tls.o)
 .debug_info    0x0000000000017149       0x26 /usr/lib/gcc/arm-none-eabi/12.2.1/../../../arm-none-eabi/lib/thumb/v7e-m+fp/hard/libg.a(lib_a-memcpy.o)

.debug_abbrev   0x0000000000000000     0x4708
 .debug_abbrev  0x0000000000000000       0x58 CMakeFiles/BusCard.elf.dir/main.cpp.o
 .debug_abbrev  0x0000000000000058      0x2aa CMakeFiles/BusCard.elf.dir/Source/Board.cpp.o
 .debug_abbrev  0x0000000000000302      0x1b2 CMakeFiles/BusCard.elf.dir/Source/interrupts.cpp.o
 .debug_abbrev  0x00000000000004b4      0x1b6 CMakeFiles/BusCard.elf.dir/Source/usb_dev/usb_device.c.o
 .debug_abbrev  0x000000000000066a      0x33d CMakeFiles/BusCard.elf.dir/Source/usb_dev/usbd_conf.c.o
 .debug_abbrev  0x00000000000009a7      0x1ee CMakeFiles/BusCard.elf.dir/Source/usb_dev/usbd_desc.c.o
 .debug_abbrev  0x0000000000000b95      0x1dc CMakeFiles/BusCard.elf.dir/Source/usb_dev/usbd_storage_if.c.o
 .debug_abbrev  0x0000000000000d71       0x1d libCMSIS_LIBRARY.a(startup_stm32f411xe.s.o)
 .debug_abbrev  0x0000000000000d8e      0x121 libCMSIS_LIBRARY.a(system_stm32f4xx.c.o)
 .debug_abbrev  0x0000000000000eaf      0x279 libSTM_HAL_LIBRARY.a(stm32f4xx_hal.c.o)
 .debug_abbrev  0x0000000000001128      0x39e libSTM_HAL_LIBRARY.a(stm32f4xx_hal_cortex.c.o)
 .debug_abbrev  0x00000000000014c6      0x203 libSTM_HAL_LIBRARY.a(stm32f4xx_hal_gpio.c.o)
 .debug_abbrev  0x00000000000016c9      0x2da libSTM_HAL_LIBRARY.a(stm32f4xx_hal_pcd.c.o)
 .debug_abbrev  0x00000000000019a3      0x1f5 libSTM_HAL_LIBRARY.a(stm32f4xx_hal_pcd_ex.c.o)
 .debug_abbrev  0x0000000000001b98      0x2c7 libSTM_HAL_LIBRARY.a(stm32f4xx_hal_rcc.c.o)
 .debug_abbrev  0x0000000000001e5f      0x32b libSTM_HAL_LIBRARY.a(stm32f4xx_ll_usb.c.o)
 .debug_abbrev  0x000000000000218a      0x370 libSTM_USB_LIBRARY.a(usbd_msc.c.o)
 .debug_abbrev  0x00000000000024fa      0x311 libSTM_USB_LIBRARY.a(usbd_msc_bot.c.o)
 .debug_abbrev  0x000000000000280b      0x39e libSTM_USB_LIBRARY.a(usbd_msc_scsi.c.o)
 .debug_abbrev  0x0000000000002ba9      0x2f1 libSTM_USB_LIBRARY.a(usbd_core.c.o)
 .debug_abbrev  0x0000000000002e9a      0x345 libSTM_USB_LIBRARY.a(usbd_ctlreq.c.o)
 .debug_abbrev  0x00000000000031df      0x1b2 libSTM_USB_LIBRARY.a(usbd_ioreq.c.o)
 .debug_abbrev  0x0000000000003391       0x6f libSTM_USB_LIBRARY.a(usbd_msc_data.c.o)
 .debug_abbrev  0x0000000000003400       0xb7 /usr/lib/gcc/arm-none-eabi/12.2.1/../../../arm-none-eabi/lib/thumb/v7e-m+fp/hard/libc.a(lib_a-atexit.o)
 .debug_abbrev  0x00000000000034b7       0xcf /usr/lib/gcc/arm-none-eabi/12.2.1/../../../arm-none-eabi/lib/thumb/v7e-m+fp/hard/libc.a(lib_a-fini.o)
 .debug_abbrev  0x0000000000003586      0x1b8 /usr/lib/gcc/arm-none-eabi/12.2.1/../../../arm-none-eabi/lib/thumb/v7e-m+fp/hard/libc.a(lib_a-impure.o)
 .debug_abbrev  0x000000000000373e       0xcc /usr/lib/gcc/arm-none-eabi/12.2.1/../../../arm-none-eabi/lib/thumb/v7e-m+fp/hard/libc.a(lib_a-init.o)
 .debug_abbrev  0x000000000000380a       0xb4 /usr/lib/gcc/arm-none-eabi/12.2.1/../../../arm-none-eabi/lib/thumb/v7e-m+fp/hard/libc.a(lib_a-memset.o)
 .debug_abbrev  0x00000000000038be      0x23f /usr/lib/gcc/arm-none-eabi/12.2.1/../../../arm-none-eabi/lib/thumb/v7e-m+fp/hard/libc.a(lib_a-__atexit.o)
 .debug_abbrev  0x0000000000003afd      0x2b2 /usr/lib/gcc/arm-none-eabi/12.2.1/../../../arm-none-eabi/lib/thumb/v7e-m+fp/hard/libc.a(lib_a-__call_atexit.o)
 .debug_abbrev  0x0000000000003daf       0x14 /usr/lib/gcc/arm-none-eabi/12.2.1/thumb/v7e-m+fp/hard/libgcc.a(_aeabi_uldivmod.o)
 .debug_abbrev  0x0000000000003dc3      0x16a /usr/lib/gcc/arm-none-eabi/12.2.1/thumb/v7e-m+fp/hard/libgcc.a(_udivmoddi4.o)
 .debug_abbrev  0x0000000000003f2d      0x490 /usr/lib/gcc/arm-none-eabi/12.2.1/thumb/v7e-m+fp/hard/libgcc.a(unwind-arm.o)
 .debug_abbrev  0x00000000000043bd       0x21 /usr/lib/gcc/arm-none-eabi/12.2.1/thumb/v7e-m+fp/hard/libgcc.a(libunwind.o)
 .debug_abbrev  0x00000000000043de      0x2f7 /usr/lib/gcc/arm-none-eabi/12.2.1/thumb/v7e-m+fp/hard/libgcc.a(pr-support.o)
 .debug_abbrev  0x00000000000046d5       0x1f /usr/lib/gcc/arm-none-eabi/12.2.1/thumb/v7e-m+fp/hard/libgcc.a(_dvmd_tls.o)
 .debug_abbrev  0x00000000000046f4       0x14 /usr/lib/gcc/arm-none-eabi/12.2.1/../../../arm-none-eabi/lib/thumb/v7e-m+fp/hard/libg.a(lib_a-memcpy.o)

.debug_aranges  0x0000000000000000      0xdb0
 .debug_aranges
                0x0000000000000000       0x20 CMakeFiles/BusCard.elf.dir/main.cpp.o
 .debug_aranges
                0x0000000000000020       0x38 CMakeFiles/BusCard.elf.dir/Source/Board.cpp.o
 .debug_aranges
                0x0000000000000058       0x28 CMakeFiles/BusCard.elf.dir/Source/interrupts.cpp.o
 .debug_aranges
                0x0000000000000080       0x20 CMakeFiles/BusCard.elf.dir/Source/usb_dev/usb_device.c.o
 .debug_aranges
                0x00000000000000a0      0x110 CMakeFiles/BusCard.elf.dir/Source/usb_dev/usbd_conf.c.o
 .debug_aranges
                0x00000000000001b0       0x60 CMakeFiles/BusCard.elf.dir/Source/usb_dev/usbd_desc.c.o
 .debug_aranges
                0x0000000000000210       0x50 CMakeFiles/BusCard.elf.dir/Source/usb_dev/usbd_storage_if.c.o
 .debug_aranges
                0x0000000000000260       0x28 libCMSIS_LIBRARY.a(startup_stm32f411xe.s.o)
 .debug_aranges
                0x0000000000000288       0x28 libCMSIS_LIBRARY.a(system_stm32f4xx.c.o)
 .debug_aranges
                0x00000000000002b0       0xf0 libSTM_HAL_LIBRARY.a(stm32f4xx_hal.c.o)
 .debug_aranges
                0x00000000000003a0       0xe8 libSTM_HAL_LIBRARY.a(stm32f4xx_hal_cortex.c.o)
 .debug_aranges
                0x0000000000000488       0x58 libSTM_HAL_LIBRARY.a(stm32f4xx_hal_gpio.c.o)
 .debug_aranges
                0x00000000000004e0      0x148 libSTM_HAL_LIBRARY.a(stm32f4xx_hal_pcd.c.o)
 .debug_aranges
                0x0000000000000628       0x38 libSTM_HAL_LIBRARY.a(stm32f4xx_hal_pcd_ex.c.o)
 .debug_aranges
                0x0000000000000660       0x88 libSTM_HAL_LIBRARY.a(stm32f4xx_hal_rcc.c.o)
 .debug_aranges
                0x00000000000006e8      0x1a0 libSTM_HAL_LIBRARY.a(stm32f4xx_ll_usb.c.o)
 .debug_aranges
                0x0000000000000888       0x68 libSTM_USB_LIBRARY.a(usbd_msc.c.o)
 .debug_aranges
                0x00000000000008f0       0x68 libSTM_USB_LIBRARY.a(usbd_msc_bot.c.o)
 .debug_aranges
                0x0000000000000958       0xc0 libSTM_USB_LIBRARY.a(usbd_msc_scsi.c.o)
 .debug_aranges
                0x0000000000000a18       0xd8 libSTM_USB_LIBRARY.a(usbd_core.c.o)
 .debug_aranges
                0x0000000000000af0       0x88 libSTM_USB_LIBRARY.a(usbd_ctlreq.c.o)
 .debug_aranges
                0x0000000000000b78       0x50 libSTM_USB_LIBRARY.a(usbd_ioreq.c.o)
 .debug_aranges
                0x0000000000000bc8       0x18 libSTM_USB_LIBRARY.a(usbd_msc_data.c.o)
 .debug_aranges
                0x0000000000000be0       0x20 /usr/lib/gcc/arm-none-eabi/12.2.1/../../../arm-none-eabi/lib/thumb/v7e-m+fp/hard/libc.a(lib_a-atexit.o)
 .debug_aranges
                0x0000000000000c00       0x20 /usr/lib/gcc/arm-none-eabi/12.2.1/../../../arm-none-eabi/lib/thumb/v7e-m+fp/hard/libc.a(lib_a-fini.o)
 .debug_aranges
                0x0000000000000c20       0x18 /usr/lib/gcc/arm-none-eabi/12.2.1/../../../arm-none-eabi/lib/thumb/v7e-m+fp/hard/libc.a(lib_a-impure.o)
 .debug_aranges
                0x0000000000000c38       0x20 /usr/lib/gcc/arm-none-eabi/12.2.1/../../../arm-none-eabi/lib/thumb/v7e-m+fp/hard/libc.a(lib_a-init.o)
 .debug_aranges
                0x0000000000000c58       0x20 /usr/lib/gcc/arm-none-eabi/12.2.1/../../../arm-none-eabi/lib/thumb/v7e-m+fp/hard/libc.a(lib_a-memset.o)
 .debug_aranges
                0x0000000000000c78       0x20 /usr/lib/gcc/arm-none-eabi/12.2.1/../../../arm-none-eabi/lib/thumb/v7e-m+fp/hard/libc.a(lib_a-__atexit.o)
 .debug_aranges
                0x0000000000000c98       0x28 /usr/lib/gcc/arm-none-eabi/12.2.1/../../../arm-none-eabi/lib/thumb/v7e-m+fp/hard/libc.a(lib_a-__call_atexit.o)
 .debug_aranges
                0x0000000000000cc0       0x20 /usr/lib/gcc/arm-none-eabi/12.2.1/thumb/v7e-m+fp/hard/libgcc.a(_aeabi_uldivmod.o)
 .debug_aranges
                0x0000000000000ce0       0x20 /usr/lib/gcc/arm-none-eabi/12.2.1/thumb/v7e-m+fp/hard/libgcc.a(_udivmoddi4.o)
 .debug_aranges
                0x0000000000000d00       0x20 /usr/lib/gcc/arm-none-eabi/12.2.1/thumb/v7e-m+fp/hard/libgcc.a(unwind-arm.o)
 .debug_aranges
                0x0000000000000d20       0x20 /usr/lib/gcc/arm-none-eabi/12.2.1/thumb/v7e-m+fp/hard/libgcc.a(libunwind.o)
 .debug_aranges
                0x0000000000000d40       0x30 /usr/lib/gcc/arm-none-eabi/12.2.1/thumb/v7e-m+fp/hard/libgcc.a(pr-support.o)
 .debug_aranges
                0x0000000000000d70       0x20 /usr/lib/gcc/arm-none-eabi/12.2.1/thumb/v7e-m+fp/hard/libgcc.a(_dvmd_tls.o)
 .debug_aranges
                0x0000000000000d90       0x20 /usr/lib/gcc/arm-none-eabi/12.2.1/../../../arm-none-eabi/lib/thumb/v7e-m+fp/hard/libg.a(lib_a-memcpy.o)

.debug_rnglists
                0x0000000000000000      0xa33
 .debug_rnglists
                0x0000000000000000       0x13 CMakeFiles/BusCard.elf.dir/main.cpp.o
 .debug_rnglists
                0x0000000000000013       0x26 CMakeFiles/BusCard.elf.dir/Source/Board.cpp.o
 .debug_rnglists
                0x0000000000000039       0x19 CMakeFiles/BusCard.elf.dir/Source/interrupts.cpp.o
 .debug_rnglists
                0x0000000000000052       0x13 CMakeFiles/BusCard.elf.dir/Source/usb_dev/usb_device.c.o
 .debug_rnglists
                0x0000000000000065       0xc8 CMakeFiles/BusCard.elf.dir/Source/usb_dev/usbd_conf.c.o
 .debug_rnglists
                0x000000000000012d       0x43 CMakeFiles/BusCard.elf.dir/Source/usb_dev/usbd_desc.c.o
 .debug_rnglists
                0x0000000000000170       0x37 CMakeFiles/BusCard.elf.dir/Source/usb_dev/usbd_storage_if.c.o
 .debug_rnglists
                0x00000000000001a7       0x19 libCMSIS_LIBRARY.a(startup_stm32f411xe.s.o)
 .debug_rnglists
                0x00000000000001c0       0x1a libCMSIS_LIBRARY.a(system_stm32f4xx.c.o)
 .debug_rnglists
                0x00000000000001da       0xaf libSTM_HAL_LIBRARY.a(stm32f4xx_hal.c.o)
 .debug_rnglists
                0x0000000000000289       0xa9 libSTM_HAL_LIBRARY.a(stm32f4xx_hal_cortex.c.o)
 .debug_rnglists
                0x0000000000000332       0x3f libSTM_HAL_LIBRARY.a(stm32f4xx_hal_gpio.c.o)
 .debug_rnglists
                0x0000000000000371       0xf7 libSTM_HAL_LIBRARY.a(stm32f4xx_hal_pcd.c.o)
 .debug_rnglists
                0x0000000000000468       0x25 libSTM_HAL_LIBRARY.a(stm32f4xx_hal_pcd_ex.c.o)
 .debug_rnglists
                0x000000000000048d       0x75 libSTM_HAL_LIBRARY.a(stm32f4xx_hal_rcc.c.o)
 .debug_rnglists
                0x0000000000000502      0x141 libSTM_HAL_LIBRARY.a(stm32f4xx_ll_usb.c.o)
 .debug_rnglists
                0x0000000000000643       0x4b libSTM_USB_LIBRARY.a(usbd_msc.c.o)
 .debug_rnglists
                0x000000000000068e       0x4a libSTM_USB_LIBRARY.a(usbd_msc_bot.c.o)
 .debug_rnglists
                0x00000000000006d8       0x96 libSTM_USB_LIBRARY.a(usbd_msc_scsi.c.o)
 .debug_rnglists
                0x000000000000076e       0x9f libSTM_USB_LIBRARY.a(usbd_core.c.o)
 .debug_rnglists
                0x000000000000080d       0x65 libSTM_USB_LIBRARY.a(usbd_ctlreq.c.o)
 .debug_rnglists
                0x0000000000000872       0x37 libSTM_USB_LIBRARY.a(usbd_ioreq.c.o)
 .debug_rnglists
                0x00000000000008a9       0x89 /usr/lib/gcc/arm-none-eabi/12.2.1/thumb/v7e-m+fp/hard/libgcc.a(_udivmoddi4.o)
 .debug_rnglists
                0x0000000000000932       0xc7 /usr/lib/gcc/arm-none-eabi/12.2.1/thumb/v7e-m+fp/hard/libgcc.a(unwind-arm.o)
 .debug_rnglists
                0x00000000000009f9       0x3a /usr/lib/gcc/arm-none-eabi/12.2.1/thumb/v7e-m+fp/hard/libgcc.a(pr-support.o)

.debug_macro    0x0000000000000000    0x22153
 .debug_macro   0x0000000000000000       0x15 CMakeFiles/BusCard.elf.dir/main.cpp.o
 .debug_macro   0x0000000000000015      0xc1c CMakeFiles/BusCard.elf.dir/main.cpp.o
 .debug_macro   0x0000000000000c31      0x574 CMakeFiles/BusCard.elf.dir/Source/Board.cpp.o
 .debug_macro   0x00000000000011a5      0x3a9 CMakeFiles/BusCard.elf.dir/Source/Board.cpp.o
 .debug_macro   0x000000000000154e       0x2e CMakeFiles/BusCard.elf.dir/Source/Board.cpp.o
 .debug_macro   0x000000000000157c       0x28 CMakeFiles/BusCard.elf.dir/Source/Board.cpp.o
 .debug_macro   0x00000000000015a4      0x34e CMakeFiles/BusCard.elf.dir/Source/Board.cpp.o
 .debug_macro   0x00000000000018f2       0x1c CMakeFiles/BusCard.elf.dir/Source/Board.cpp.o
 .debug_macro   0x000000000000190e       0x22 CMakeFiles/BusCard.elf.dir/Source/Board.cpp.o
 .debug_macro   0x0000000000001930       0xfb CMakeFiles/BusCard.elf.dir/Source/Board.cpp.o
 .debug_macro   0x0000000000001a2b     0x1011 CMakeFiles/BusCard.elf.dir/Source/Board.cpp.o
 .debug_macro   0x0000000000002a3c      0x11f CMakeFiles/BusCard.elf.dir/Source/Board.cpp.o
 .debug_macro   0x0000000000002b5b     0xb953 CMakeFiles/BusCard.elf.dir/Source/Board.cpp.o
 .debug_macro   0x000000000000e4ae       0x6d CMakeFiles/BusCard.elf.dir/Source/Board.cpp.o
 .debug_macro   0x000000000000e51b     0x368c CMakeFiles/BusCard.elf.dir/Source/Board.cpp.o
 .debug_macro   0x0000000000011ba7      0x190 CMakeFiles/BusCard.elf.dir/Source/Board.cpp.o
 .debug_macro   0x0000000000011d37       0x5c CMakeFiles/BusCard.elf.dir/Source/Board.cpp.o
 .debug_macro   0x0000000000011d93      0x45c CMakeFiles/BusCard.elf.dir/Source/Board.cpp.o
 .debug_macro   0x00000000000121ef      0x9e9 CMakeFiles/BusCard.elf.dir/Source/Board.cpp.o
 .debug_macro   0x0000000000012bd8      0x115 CMakeFiles/BusCard.elf.dir/Source/Board.cpp.o
 .debug_macro   0x0000000000012ced      0x11b CMakeFiles/BusCard.elf.dir/Source/Board.cpp.o
 .debug_macro   0x0000000000012e08       0xa5 CMakeFiles/BusCard.elf.dir/Source/Board.cpp.o
 .debug_macro   0x0000000000012ead      0x15f CMakeFiles/BusCard.elf.dir/Source/Board.cpp.o
 .debug_macro   0x000000000001300c      0x287 CMakeFiles/BusCard.elf.dir/Source/Board.cpp.o
 .debug_macro   0x0000000000013293       0x5f CMakeFiles/BusCard.elf.dir/Source/Board.cpp.o
 .debug_macro   0x00000000000132f2      0x236 CMakeFiles/BusCard.elf.dir/Source/Board.cpp.o
 .debug_macro   0x0000000000013528      0x9e1 CMakeFiles/BusCard.elf.dir/Source/Board.cpp.o
 .debug_macro   0x0000000000013f09      0x38b CMakeFiles/BusCard.elf.dir/Source/Board.cpp.o
 .debug_macro   0x0000000000014294      0x17d CMakeFiles/BusCard.elf.dir/Source/Board.cpp.o
 .debug_macro   0x0000000000014411       0xf9 CMakeFiles/BusCard.elf.dir/Source/Board.cpp.o
 .debug_macro   0x000000000001450a       0x22 CMakeFiles/BusCard.elf.dir/Source/Board.cpp.o
 .debug_macro   0x000000000001452c      0x132 CMakeFiles/BusCard.elf.dir/Source/Board.cpp.o
 .debug_macro   0x000000000001465e      0x264 CMakeFiles/BusCard.elf.dir/Source/Board.cpp.o
 .debug_macro   0x00000000000148c2       0x2e CMakeFiles/BusCard.elf.dir/Source/Board.cpp.o
 .debug_macro   0x00000000000148f0      0x1b5 CMakeFiles/BusCard.elf.dir/Source/Board.cpp.o
 .debug_macro   0x0000000000014aa5       0x22 CMakeFiles/BusCard.elf.dir/Source/Board.cpp.o
 .debug_macro   0x0000000000014ac7       0xd6 CMakeFiles/BusCard.elf.dir/Source/Board.cpp.o
 .debug_macro   0x0000000000014b9d      0x279 CMakeFiles/BusCard.elf.dir/Source/Board.cpp.o
 .debug_macro   0x0000000000014e16      0x1a7 CMakeFiles/BusCard.elf.dir/Source/Board.cpp.o
 .debug_macro   0x0000000000014fbd       0x46 CMakeFiles/BusCard.elf.dir/Source/Board.cpp.o
 .debug_macro   0x0000000000015003       0x4a CMakeFiles/BusCard.elf.dir/Source/Board.cpp.o
 .debug_macro   0x000000000001504d       0x78 CMakeFiles/BusCard.elf.dir/Source/Board.cpp.o
 .debug_macro   0x00000000000150c5      0x127 CMakeFiles/BusCard.elf.dir/Source/Board.cpp.o
 .debug_macro   0x00000000000151ec       0x85 CMakeFiles/BusCard.elf.dir/Source/Board.cpp.o
 .debug_macro   0x0000000000015271       0x89 CMakeFiles/BusCard.elf.dir/Source/Board.cpp.o
 .debug_macro   0x00000000000152fa      0x305 CMakeFiles/BusCard.elf.dir/Source/Board.cpp.o
 .debug_macro   0x00000000000155ff      0x429 CMakeFiles/BusCard.elf.dir/Source/Board.cpp.o
 .debug_macro   0x0000000000015a28       0xeb CMakeFiles/BusCard.elf.dir/Source/Board.cpp.o
 .debug_macro   0x0000000000015b13      0x868 CMakeFiles/BusCard.elf.dir/Source/Board.cpp.o
 .debug_macro   0x000000000001637b      0x1d5 CMakeFiles/BusCard.elf.dir/Source/Board.cpp.o
 .debug_macro   0x0000000000016550      0x225 CMakeFiles/BusCard.elf.dir/Source/Board.cpp.o
 .debug_macro   0x0000000000016775      0x8ed CMakeFiles/BusCard.elf.dir/Source/Board.cpp.o
 .debug_macro   0x0000000000017062       0x47 CMakeFiles/BusCard.elf.dir/Source/Board.cpp.o
 .debug_macro   0x00000000000170a9      0x2aa CMakeFiles/BusCard.elf.dir/Source/Board.cpp.o
 .debug_macro   0x0000000000017353      0x217 CMakeFiles/BusCard.elf.dir/Source/Board.cpp.o
 .debug_macro   0x000000000001756a      0x1b5 CMakeFiles/BusCard.elf.dir/Source/Board.cpp.o
 .debug_macro   0x000000000001771f      0x2db CMakeFiles/BusCard.elf.dir/Source/Board.cpp.o
 .debug_macro   0x00000000000179fa       0x8d CMakeFiles/BusCard.elf.dir/Source/Board.cpp.o
 .debug_macro   0x0000000000017a87      0x293 CMakeFiles/BusCard.elf.dir/Source/Board.cpp.o
 .debug_macro   0x0000000000017d1a       0xba CMakeFiles/BusCard.elf.dir/Source/Board.cpp.o
 .debug_macro   0x0000000000017dd4       0x9e CMakeFiles/BusCard.elf.dir/Source/Board.cpp.o
 .debug_macro   0x0000000000017e72      0x1f7 CMakeFiles/BusCard.elf.dir/Source/Board.cpp.o
 .debug_macro   0x0000000000018069      0x126 CMakeFiles/BusCard.elf.dir/Source/Board.cpp.o
 .debug_macro   0x000000000001818f       0x22 CMakeFiles/BusCard.elf.dir/Source/Board.cpp.o
 .debug_macro   0x00000000000181b1       0x52 CMakeFiles/BusCard.elf.dir/Source/Board.cpp.o
 .debug_macro   0x0000000000018203       0x18 CMakeFiles/BusCard.elf.dir/Source/Board.cpp.o
 .debug_macro   0x000000000001821b       0x5c CMakeFiles/BusCard.elf.dir/Source/Board.cpp.o
 .debug_macro   0x0000000000018277       0x35 CMakeFiles/BusCard.elf.dir/Source/Board.cpp.o
 .debug_macro   0x00000000000182ac       0x34 CMakeFiles/BusCard.elf.dir/Source/Board.cpp.o
 .debug_macro   0x00000000000182e0       0x16 CMakeFiles/BusCard.elf.dir/Source/Board.cpp.o
 .debug_macro   0x00000000000182f6       0x57 CMakeFiles/BusCard.elf.dir/Source/Board.cpp.o
 .debug_macro   0x000000000001834d       0x35 CMakeFiles/BusCard.elf.dir/Source/Board.cpp.o
 .debug_macro   0x0000000000018382      0x356 CMakeFiles/BusCard.elf.dir/Source/Board.cpp.o
 .debug_macro   0x00000000000186d8       0x10 CMakeFiles/BusCard.elf.dir/Source/Board.cpp.o
 .debug_macro   0x00000000000186e8       0x16 CMakeFiles/BusCard.elf.dir/Source/Board.cpp.o
 .debug_macro   0x00000000000186fe       0x43 CMakeFiles/BusCard.elf.dir/Source/Board.cpp.o
 .debug_macro   0x0000000000018741       0x34 CMakeFiles/BusCard.elf.dir/Source/Board.cpp.o
 .debug_macro   0x0000000000018775       0x10 CMakeFiles/BusCard.elf.dir/Source/Board.cpp.o
 .debug_macro   0x0000000000018785       0x52 CMakeFiles/BusCard.elf.dir/Source/Board.cpp.o
 .debug_macro   0x00000000000187d7      0x182 CMakeFiles/BusCard.elf.dir/Source/Board.cpp.o
 .debug_macro   0x0000000000018959       0x10 CMakeFiles/BusCard.elf.dir/Source/Board.cpp.o
 .debug_macro   0x0000000000018969       0x6a CMakeFiles/BusCard.elf.dir/Source/Board.cpp.o
 .debug_macro   0x00000000000189d3       0xb2 CMakeFiles/BusCard.elf.dir/Source/Board.cpp.o
 .debug_macro   0x0000000000018a85       0x16 CMakeFiles/BusCard.elf.dir/Source/Board.cpp.o
 .debug_macro   0x0000000000018a9b      0x114 CMakeFiles/BusCard.elf.dir/Source/Board.cpp.o
 .debug_macro   0x0000000000018baf      0x1d6 CMakeFiles/BusCard.elf.dir/Source/Board.cpp.o
 .debug_macro   0x0000000000018d85       0x10 CMakeFiles/BusCard.elf.dir/Source/Board.cpp.o
 .debug_macro   0x0000000000018d95       0xc1 CMakeFiles/BusCard.elf.dir/Source/Board.cpp.o
 .debug_macro   0x0000000000018e56      0x103 CMakeFiles/BusCard.elf.dir/Source/Board.cpp.o
 .debug_macro   0x0000000000018f59      0x361 CMakeFiles/BusCard.elf.dir/Source/Board.cpp.o